mdns.c:291:1:mdns_domain_add_label_base	0	static
mdns.c:432:1:mdns_domain_debug_print	0	static
mdns.c:492:1:mdns_prepare_txtdata	8	static
mdns.c:355:1:mdns_readname_loop	32	static
mdns.c:316:1:mdns_domain_add_label	24	static
mdns.c:588:1:mdns_add_dotlocal	8	static
mdns.c:603:1:mdns_build_host_domain	16	static
mdns.c:644:1:mdns_build_service_domain	24	static
mdns.c:509:1:mdns_build_reverse_v4_domain	24	static
mdns.c:549:1:mdns_build_reverse_v6_domain	32	static
mdns.c:620:1:mdns_build_dnssd_domain	8	static
mdns.c:421:1:mdns_readname	16	static
mdns.c:1049:1:mdns_read_rr_info	24	static
mdns.c:1083:1:mdns_read_question	16	static
mdns.c:1118:1:mdns_read_answer	24	static
mdns.c:788:1:mdns_compress_domain.part.0	328	static
mdns.c:455:1:mdns_domain_eq	24	static
mdns.c:1783:1:mdns_handle_response	560	static
mdns.c:669:1:check_host.part.0	304	static
mdns.c:736:1:check_service.part.0	280	static
mdns.c:788:1:mdns_compress_domain	0	static
mdns.c:837:1:mdns_write_domain	40	static
mdns.c:900:1:mdns_add_question	32	static
mdns.c:968:1:mdns_add_answer.constprop	48	static
mdns.c:1171:1:mdns_add_a_answer	304	static
mdns.c:1194:1:mdns_add_aaaa_answer	304	static
mdns.c:1261:1:mdns_add_txt_answer	304	static
mdns.c:1238:1:mdns_add_srv_answer	568	static
mdns.c:1227:1:mdns_add_servicename_ptr_answer	552	static
mdns.c:1216:1:mdns_add_servicetype_ptr_answer	552	static
mdns.c:1204:1:mdns_add_hostv6_ptr_answer	568	static
mdns.c:1181:1:mdns_add_hostv4_ptr_answer	568	static
mdns.c:1309:1:mdns_send_outpacket	64	static
mdns.c:1948:1:mdns_send_probe	368	static
mdns.c:1519:1:mdns_announce	96	static
mdns.c:1562:1:mdns_handle_question	904	static
mdns.c:1853:1:mdns_recv	88	static
mdns.c:2112:1:mdns_resp_remove_netif	16	static
mdns.c:2242:1:mdns_resp_del_service	8	static
mdns.c:2302:1:mdns_resp_add_service_txtitem	0	static
mdns.c:2317:1:mdns_resp_announce	8	static
mdns.c:2019:1:mdns_probe	16	static
mdns.c:2344:1:mdns_resp_register_name_result_cb	0	static
mdns.c:2356:1:mdns_resp_restart	16	static
mdns.c:2060:1:mdns_resp_add_netif	32	static
mdns.c:2156:1:mdns_resp_rename_netif	24	static
mdns.c:2192:1:mdns_resp_add_service	32	static
mdns.c:2267:1:mdns_resp_rename_service	32	static
mdns.c:2381:1:mdns_resp_init	8	static
