ipc-queue.h:163:22:ipc_queue_mem_size	16	static
ipc-shm.c:288:39:get_channel	24	static
ipc-shm.c:303:43:get_managed_chan	24	static
ipc-shm.c:319:45:get_unmanaged_chan	24	static
ipc-shm.c:335:14:ipc_check_uchan_integrity	24	static
ipc-shm.c:347:14:ipc_check_uchan_local_integrity	24	static
ipc-shm.c:358:14:ipc_check_mchan_integrity	24	static
ipc-shm.c:385:15:ipc_channel_rx	80	static
ipc-shm.c:453:36:ipc_instance_is_free	24	static
ipc-shm.c:482:15:ipc_shm_rx	40	static
ipc-shm.c:530:14:ipc_buffer_populate	48	static
ipc-shm.c:584:14:ipc_buf_pool_init	56	static
ipc-shm.c:630:15:ipc_get_total_buf_per_chan	40	static
ipc-shm.c:686:14:managed_pools_init	64	static
ipc-shm.c:739:14:managed_channel_init	64	static
ipc-shm.c:783:14:unmanaged_channel_init	32	static
ipc-shm.c:835:14:ipc_shm_init_a_channel	40	static
ipc-shm.c:877:13:ipc_shm_free_managed_channel	24	static
ipc-shm.c:909:13:ipc_shm_free_channel	24	static
ipc-shm.c:941:15:get_chan_memmap_size	32	static
ipc-shm.c:973:14:ipc_shm_init_channels	48	static
ipc-shm.c:1022:14:ipc_shm_init_instance_priv	24	static
ipc-shm.c:1049:7:ipc_shm_init_instance	24	static
ipc-shm.c:1084:6:ipc_shm_free_instance	24	static
ipc-shm.c:1113:6:ipc_shm_free	16	static
ipc-shm.c:1131:16:ipc_shm_acquire_buf_from_pool	56	static
ipc-shm.c:1169:7:ipc_shm_acquire_buf	24	static
ipc-shm.c:1190:7:ipc_shm_init	24	static
ipc-shm.c:1225:14:find_pool_for_buf	40	static
ipc-shm.c:1255:7:ipc_shm_release_buf	40	static
ipc-shm.c:1300:14:ipc_shm_buf_tx	40	static
ipc-shm.c:1333:7:ipc_shm_tx	32	static
ipc-shm.c:1351:7:ipc_shm_unmanaged_acquire	24	static
ipc-shm.c:1371:7:ipc_shm_unmanaged_tx	24	static
ipc-shm.c:1396:7:ipc_shm_is_remote_ready	24	static
ipc-shm.c:1420:7:ipc_shm_poll_channels	24	static
