snmp_mib2_ip.c:62:1:ip_get_value	0	static
snmp_mib2_ip.c:157:1:ip_set_test	0	static
snmp_mib2_ip.c:190:1:ip_set_value	0	static
snmp_mib2_ip.c:485:1:ip_NetToMediaTable_get_cell_value_core.isra.0	32	static
snmp_mib2_ip.c:550:1:ip_NetToMediaTable_get_next_cell_instance_and_value	104	static
snmp_mib2_ip.c:317:1:ip_RouteTable_get_cell_value_core.isra.0	8	static
snmp_mib2_ip.c:431:1:ip_RouteTable_get_next_cell_instance_and_value	96	static
snmp_mib2_ip.c:210:1:ip_AddrTable_get_cell_value_core.isra.0	8	static
snmp_mib2_ip.c:277:1:ip_AddrTable_get_next_cell_instance_and_value	88	static
snmp_mib2_ip.c:516:1:ip_NetToMediaTable_get_cell_value	40	static
snmp_mib2_ip.c:396:1:ip_RouteTable_get_cell_value	40	static
snmp_mib2_ip.c:251:1:ip_AddrTable_get_cell_value	24	static
