snmp_msg.c:386:1:snmp_msg_getnext_validate_node_inst	0	static
snmp_msg.c:164:1:snmp_get_community	0	static
snmp_msg.c:178:1:snmp_set_community	8	static
snmp_msg.c:191:1:snmp_get_community_write	0	static
snmp_msg.c:202:1:snmp_get_community_trap	0	static
snmp_msg.c:216:1:snmp_set_community_write	8	static
snmp_msg.c:233:1:snmp_set_community_trap	8	static
snmp_msg.c:245:1:snmp_set_write_callback	0	static
snmp_msg.c:1465:1:snmp_varbind_length	16	static
snmp_msg.c:1532:1:snmp_append_outbound_varbind	40	static
snmp_msg.c:403:1:snmp_process_varbind	488	static
snmp_msg.c:1854:1:snmp_vb_enumerator_init	8	static
snmp_msg.c:1864:1:snmp_vb_enumerator_get_next	40	static
snmp_msg.c:272:1:snmp_receive	800	static
