snmp_core.c:681:1:snmp_get_mib_from_oid	28	static
snmp_core.c:236:1:snmp_set_mibs	0	static
snmp_core.c:259:6:snmp_set_device_enterprise_oid	0	static
snmp_core.c:273:27:snmp_get_device_enterprise_oid	0	static
snmp_core.c:286:1:snmp_oid_to_ip4	8	static
snmp_core.c:306:1:snmp_ip4_to_oid	0	static
snmp_core.c:322:1:snmp_oid_to_ip6	16	static
snmp_core.c:357:1:snmp_ip6_to_oid	0	static
snmp_core.c:405:1:snmp_ip_to_oid	8	static
snmp_core.c:387:1:snmp_ip_port_to_oid	16	static
snmp_core.c:440:1:snmp_oid_to_ip	8	static
snmp_core.c:516:1:snmp_oid_to_ip_port	16	static
snmp_core.c:548:1:snmp_oid_assign	0	static
snmp_core.c:566:1:snmp_oid_prefix	8	static
snmp_core.c:604:1:snmp_oid_append	16	static
snmp_core.c:591:1:snmp_oid_combine	16	static
snmp_core.c:623:1:snmp_oid_compare	16	static
snmp_core.c:726:1:snmp_get_next_mib	32	static
snmp_core.c:664:1:snmp_oid_equal	8	static
snmp_core.c:675:1:netif_to_num	0	static
snmp_core.c:983:1:snmp_mib_tree_resolve_exact	20	static
snmp_core.c:771:1:snmp_get_node_instance_from_oid	32	static
snmp_core.c:1017:1:snmp_mib_tree_resolve_next	232	static
snmp_core.c:811:1:snmp_get_next_node_instance_from_oid	72	static
snmp_core.c:1113:1:snmp_next_oid_init	0	static
snmp_core.c:1129:1:snmp_next_oid_precheck	16	static
snmp_core.c:1149:1:snmp_next_oid_check	24	static
snmp_core.c:1175:1:snmp_oid_in_range	16	static
snmp_core.c:1193:1:snmp_set_test_ok	0	static
snmp_core.c:1215:1:snmp_decode_bits	20	static
snmp_core.c:1249:1:snmp_decode_truthvalue	0	static
snmp_core.c:1288:1:snmp_encode_bits	20	static
snmp_core.c:1330:1:snmp_encode_truthvalue	0	static
