Cache_Ip_HwAcc_ArmCoreMx.c:148:6:hwAcc_ArmCoreMx_InstructionCacheInvalidate	0	static
Cache_Ip_HwAcc_ArmCoreMx.c:157:6:hwAcc_ArmCoreMx_DataCacheInvalidate	20	static
Cache_Ip_HwAcc_ArmCoreMx.c:185:6:hwAcc_ArmCoreMx_InstructionCacheClean	0	static
Cache_Ip_HwAcc_ArmCoreMx.c:194:6:hwAcc_ArmCoreMx_DataCacheClean	20	static
Cache_Ip_HwAcc_ArmCoreMx.c:231:6:hwAcc_ArmCoreMx_InstructionCacheInvalidateByAddr	8	static
Cache_Ip_HwAcc_ArmCoreMx.c:259:6:hwAcc_ArmCoreMx_DataCacheInvalidateByAddr	8	static
Cache_Ip_HwAcc_ArmCoreMx.c:290:6:hwAcc_ArmCoreMx_InstructionCacheCleanByAddr	0	static
Cache_Ip_HwAcc_ArmCoreMx.c:299:6:hwAcc_ArmCoreMx_DataCacheCleanByAddr	12	static
Cache_Ip_HwAcc_ArmCoreMx.c:337:6:hwAcc_ArmCoreMx_InstructionCacheEnable	0	static
Cache_Ip_HwAcc_ArmCoreMx.c:345:6:hwAcc_ArmCoreMx_DataCacheEnable	0	static
Cache_Ip_HwAcc_ArmCoreMx.c:353:6:hwAcc_ArmCoreMx_InstructionCacheDisable	0	static
Cache_Ip_HwAcc_ArmCoreMx.c:363:6:hwAcc_ArmCoreMx_DataCacheDisable	0	static
