Clock_Ip_Pll.c:172:13:Clock_Ip_CallbackPllEmpty	0	static
Clock_Ip_Pll.c:177:37:Clock_Ip_CallbackPllEmptyComplete	0	static
Clock_Ip_Pll.c:183:13:Clock_Ip_CallbackPllEmptyDisable	0	static
Clock_Ip_Pll.c:327:13:Clock_Ip_ResetPlldigRdivMfiMfnSdmenSsscgbypSpreadctlStepnoStepsize	8	static
Clock_Ip_Pll.c:351:13:Clock_Ip_SetPlldigRdivMfiMfnSdmenSsscgbypSpreadctlStepnoStepsize	8	static
Clock_Ip_Pll.c:441:13:Clock_Ip_EnablePlldigRdivMfiMfnSdmenSsscgbypSpreadctlStepnoStepsize	0	static
Clock_Ip_Pll.c:470:13:Clock_Ip_ResetPlldigRdivMfi	0	static
Clock_Ip_Pll.c:493:13:Clock_Ip_SetPlldigRdivMfi	0	static
Clock_Ip_Pll.c:569:13:Clock_Ip_EnablePlldigRdivMfi	0	static
Clock_Ip_Pll.c:405:37:Clock_Ip_CompletePlldigRdivMfiMfnSdmenSsscgbypSpreadctlStepnoStepsize	32	static
Clock_Ip_Pll.c:534:37:Clock_Ip_CompletePlldigRdivMfi	0	static
