Clock_Ip_Selector.c:148:13:Clock_Ip_CallbackSelectorEmpty	0	static
Clock_Ip_Selector.c:156:13:Clock_Ip_ResetCgmXCscCssClkswSwip	8	static
Clock_Ip_Selector.c:287:13:Clock_Ip_ResetCgmXCscCssClkswRampupRampdownSwip	0	static
Clock_Ip_Selector.c:313:13:Clock_Ip_SetCgmXCscCssClkswRampupRampdownSwip	40	static
Clock_Ip_Selector.c:181:13:Clock_Ip_SetCgmXCscCssClkswSwip	40	static
Clock_Ip_Selector.c:486:13:Clock_Ip_SetCgmXCscCssCsGrip	40	static
Clock_Ip_Selector.c:421:13:Clock_Ip_ResetCgmXCscCssCsGrip	40	static
