Clock_Ip.c:243:13:Clock_Ip_NotificatonsEmptyCallback	0	static
Clock_Ip.c:730:6:Clock_Ip_InitClock	32	static
Clock_Ip.c:925:24:Clock_Ip_GetPllStatus	32	static
Clock_Ip.c:977:6:Clock_Ip_DistributePll	24	static
Clock_Ip.c:665:21:Clock_Ip_Init	8	static
Clock_Ip.c:1031:6:Clock_Ip_DisableClockMonitor	0	static
Clock_Ip.c:1047:6:Clock_Ip_InstallNotificationsCallback	0	static
Clock_Ip.c:1061:6:Clock_Ip_DisableModuleClock	0	static
Clock_Ip.c:1077:6:Clock_Ip_EnableModuleClock	0	static
Clock_Ip.c:1178:6:Clock_Ip_ReportClockErrors	0	static
Clock_Ip.c:1189:6:Clock_Ip_StartTimeout	24	static
Clock_Ip.c:1205:9:Clock_Ip_TimeoutExpired	16	static
