Clock_Ip_Frequency.c:1261:15:Clock_Ip_Get_Zero_Frequency	0	static
Clock_Ip_Frequency.c:1268:15:Clock_Ip_Get_FIRC_CLK_Frequency	0	static
Clock_Ip_Frequency.c:1274:15:Clock_Ip_Get_FXOSC_CLK_Frequency	0	static
Clock_Ip_Frequency.c:1700:15:Clock_Ip_Get_ftm_0_ext_ref_Frequency	0	static
Clock_Ip_Frequency.c:1706:15:Clock_Ip_Get_gmac_0_ext_ref_Frequency	0	static
Clock_Ip_Frequency.c:1714:15:Clock_Ip_Get_gmac_0_ext_rx_Frequency	0	static
Clock_Ip_Frequency.c:1722:15:Clock_Ip_Get_gmac_0_ext_tx_Frequency	0	static
Clock_Ip_Frequency.c:1730:15:Clock_Ip_Get_gmac_0_ext_ts_Frequency	0	static
Clock_Ip_Frequency.c:1738:15:Clock_Ip_Get_gmac_1_ext_ref_Frequency	0	static
Clock_Ip_Frequency.c:1746:15:Clock_Ip_Get_gmac_1_ext_rx_Frequency	0	static
Clock_Ip_Frequency.c:1754:15:Clock_Ip_Get_gmac_1_ext_tx_Frequency	0	static
Clock_Ip_Frequency.c:1762:15:Clock_Ip_Get_gmac_1_ext_ts_Frequency	0	static
Clock_Ip_Frequency.c:1815:15:Clock_Ip_Get_SYS_CLK_Frequency	0	static
Clock_Ip_Frequency.c:1823:15:Clock_Ip_Get_SYS_DIV2_CLK_Frequency	8	static
Clock_Ip_Frequency.c:1829:15:Clock_Ip_Get_SYS_DIV4_CLK_Frequency	8	static
Clock_Ip_Frequency.c:1835:15:Clock_Ip_Get_SYS_DIV8_CLK_Frequency	8	static
Clock_Ip_Frequency.c:1842:15:Clock_Ip_Get_A53_CORE_CLK_Frequency	0	static
Clock_Ip_Frequency.c:1852:15:Clock_Ip_Get_A53_CORE_DIV2_CLK_Frequency	8	static
Clock_Ip_Frequency.c:1876:15:Clock_Ip_Get_A53_CORE_DIV10_CLK_Frequency	8	static
Clock_Ip_Frequency.c:1883:15:Clock_Ip_Get_ACCEL_CLK_Frequency	0	static
Clock_Ip_Frequency.c:1892:15:Clock_Ip_Get_ACCEL_DIV3_CLK_Frequency	8	static
Clock_Ip_Frequency.c:1907:15:Clock_Ip_Get_ACCEL_XBAR_CLK_Frequency	0	static
Clock_Ip_Frequency.c:1915:15:Clock_Ip_Get_ACCEL_XBAR_DIV2_CLK_Frequency	8	static
Clock_Ip_Frequency.c:1921:15:Clock_Ip_Get_ACCEL_XBAR_DIV4_CLK_Frequency	8	static
Clock_Ip_Frequency.c:1927:15:Clock_Ip_Get_ACCEL_XBAR_DIV8_CLK_Frequency	8	static
Clock_Ip_Frequency.c:1934:15:Clock_Ip_Get_GMAC0_REF_CLK_Frequency	0	static
Clock_Ip_Frequency.c:1944:15:Clock_Ip_Get_GMAC0_REF_DIV_CLK_Frequency	8	static
Clock_Ip_Frequency.c:1956:15:Clock_Ip_Get_GMAC1_REF_CLK_Frequency	0	static
Clock_Ip_Frequency.c:1966:15:Clock_Ip_Get_GMAC1_REF_DIV_CLK_Frequency	8	static
Clock_Ip_Frequency.c:2024:15:Clock_Ip_Get_GMAC1_INT_CLK_Frequency	0	static
Clock_Ip_Frequency.c:2033:15:Clock_Ip_Get_BBE32EP_DSP_CLK_Frequency	8	static
Clock_Ip_Frequency.c:2042:15:Clock_Ip_Get_CAN_CHI_CLK_Frequency	8	static
Clock_Ip_Frequency.c:2052:15:Clock_Ip_Get_CAN_TS_CLK_Frequency	8	static
Clock_Ip_Frequency.c:2062:15:Clock_Ip_Get_CAN_PE_CLK_Frequency	0	static
Clock_Ip_Frequency.c:2070:15:Clock_Ip_Get_CLKOUT0_CLK_Frequency	8	static
Clock_Ip_Frequency.c:2080:15:Clock_Ip_Get_CLKOUT1_CLK_Frequency	8	static
Clock_Ip_Frequency.c:2091:15:Clock_Ip_Get_CSI_CLK_Frequency	0	static
Clock_Ip_Frequency.c:2101:15:Clock_Ip_Get_CSI_CFG_CLK_Frequency	8	static
Clock_Ip_Frequency.c:2113:15:Clock_Ip_Get_CTE_CLK_Frequency	0	static
Clock_Ip_Frequency.c:2123:15:Clock_Ip_Get_CSI_TXCLK_CLK_Frequency	8	static
Clock_Ip_Frequency.c:2134:15:Clock_Ip_Get_MC_CLK_Frequency	0	static
Clock_Ip_Frequency.c:2142:15:Clock_Ip_Get_CTU_IPS_CLK_Frequency	0	static
Clock_Ip_Frequency.c:2152:15:Clock_Ip_Get_DAPB_CLK_Frequency	8	static
Clock_Ip_Frequency.c:2162:15:Clock_Ip_Get_DSPI_SCK_TST_CLK_Frequency	8	static
Clock_Ip_Frequency.c:2172:15:Clock_Ip_Get_FCCU_IPS_CLK_Frequency	0	static
Clock_Ip_Frequency.c:2182:15:Clock_Ip_Get_FTM0_EXT_CLK_Frequency	8	static
Clock_Ip_Frequency.c:2192:15:Clock_Ip_Get_GMAC0_RX_CLK_Frequency	0	static
Clock_Ip_Frequency.c:2200:15:Clock_Ip_Get_GMAC0_TS_CLK_Frequency	8	static
Clock_Ip_Frequency.c:2210:15:Clock_Ip_Get_GMAC0_TX_CLK_Frequency	0	static
Clock_Ip_Frequency.c:2219:15:Clock_Ip_Get_GMAC1_RX_CLK_Frequency	0	static
Clock_Ip_Frequency.c:2229:15:Clock_Ip_Get_GMAC1_TS_CLK_Frequency	8	static
Clock_Ip_Frequency.c:2241:15:Clock_Ip_Get_GMAC1_TX_CLK_Frequency	8	static
Clock_Ip_Frequency.c:2252:15:Clock_Ip_Get_LBIST_CLK_Frequency	8	static
Clock_Ip_Frequency.c:2262:15:Clock_Ip_Get_LIN_BAUD_CLK_Frequency	0	static
Clock_Ip_Frequency.c:2270:15:Clock_Ip_Get_LINFLEXD_CLK_Frequency	8	static
Clock_Ip_Frequency.c:2277:15:Clock_Ip_Get_MIPICSI2_0_CLK_Frequency	8	static
Clock_Ip_Frequency.c:2288:15:Clock_Ip_Get_MIPICSI2_1_CLK_Frequency	0	static
Clock_Ip_Frequency.c:2299:15:Clock_Ip_Get_NOC_TRACE_CLK_Frequency	0	static
Clock_Ip_Frequency.c:2307:15:Clock_Ip_Get_QSPI_2X_CLK_Frequency	8	static
Clock_Ip_Frequency.c:2317:15:Clock_Ip_Get_QSPI_1X_CLK_Frequency	8	static
Clock_Ip_Frequency.c:2323:15:Clock_Ip_Get_QSPI0_CLK_Frequency	0	static
Clock_Ip_Frequency.c:2333:15:Clock_Ip_Get_SPI_CLK_Frequency	0	static
Clock_Ip_Frequency.c:2342:15:Clock_Ip_Get_SPT_CLK_Frequency	8	static
Clock_Ip_Frequency.c:2352:15:Clock_Ip_Get_STCU_CLK_Frequency	0	static
Clock_Ip_Frequency.c:2362:15:Clock_Ip_Get_TMU_CLK_Frequency	0	static
Clock_Ip_Frequency.c:2372:15:Clock_Ip_Get_TCLK_CLK_Frequency	8	static
Clock_Ip_Frequency.c:2382:15:Clock_Ip_PLL_VCO.part.0	16	static
Clock_Ip_Frequency.c:1286:15:Clock_Ip_Get_COREPLL_CLK_Frequency	8	static
Clock_Ip_Frequency.c:1460:15:Clock_Ip_Get_COREPLL_PHI9_Frequency	24	static
Clock_Ip_Frequency.c:1446:15:Clock_Ip_Get_COREPLL_PHI8_Frequency	24	static
Clock_Ip_Frequency.c:1416:15:Clock_Ip_Get_COREPLL_PHI6_Frequency	24	static
Clock_Ip_Frequency.c:1402:15:Clock_Ip_Get_COREPLL_PHI5_Frequency	24	static
Clock_Ip_Frequency.c:1387:15:Clock_Ip_Get_COREPLL_PHI4_Frequency	24	static
Clock_Ip_Frequency.c:1372:15:Clock_Ip_Get_COREPLL_PHI3_Frequency	24	static
Clock_Ip_Frequency.c:1358:15:Clock_Ip_Get_COREPLL_PHI2_Frequency	24	static
Clock_Ip_Frequency.c:1344:15:Clock_Ip_Get_COREPLL_PHI1_Frequency	24	static
Clock_Ip_Frequency.c:1330:15:Clock_Ip_Get_COREPLL_PHI0_Frequency	24	static
Clock_Ip_Frequency.c:2529:15:Clock_Ip_DFS_OUTPUT.constprop	0	static
Clock_Ip_Frequency.c:1297:15:Clock_Ip_Get_PERIPHPLL_CLK_Frequency	8	static
Clock_Ip_Frequency.c:1602:15:Clock_Ip_Get_PERIPHPLL_PHI9_Frequency	16	static
Clock_Ip_Frequency.c:1587:15:Clock_Ip_Get_PERIPHPLL_PHI8_Frequency	16	static
Clock_Ip_Frequency.c:1572:15:Clock_Ip_Get_PERIPHPLL_PHI7_Frequency	16	static
Clock_Ip_Frequency.c:1558:15:Clock_Ip_Get_PERIPHPLL_PHI6_Frequency	16	static
Clock_Ip_Frequency.c:1544:15:Clock_Ip_Get_PERIPHPLL_PHI5_Frequency	16	static
Clock_Ip_Frequency.c:2005:15:Clock_Ip_Get_GMAC_1_INT_REF_CLK_Frequency	8	static
Clock_Ip_Frequency.c:1530:15:Clock_Ip_Get_PERIPHPLL_PHI4_Frequency	16	static
Clock_Ip_Frequency.c:1516:15:Clock_Ip_Get_PERIPHPLL_PHI3_Frequency	16	static
Clock_Ip_Frequency.c:1502:15:Clock_Ip_Get_PERIPHPLL_PHI2_Frequency	16	static
Clock_Ip_Frequency.c:1488:15:Clock_Ip_Get_PERIPHPLL_PHI1_Frequency	16	static
Clock_Ip_Frequency.c:1474:15:Clock_Ip_Get_PERIPHPLL_PHI0_Frequency	16	static
Clock_Ip_Frequency.c:1688:15:Clock_Ip_Get_PERIPHPLL_DFS2_Frequency	16	static
Clock_Ip_Frequency.c:1675:15:Clock_Ip_Get_PERIPHPLL_DFS1_Frequency	16	static
Clock_Ip_Frequency.c:2551:6:Clock_Ip_SetExternalOscillatorFrequency	0	static
Clock_Ip_Frequency.c:2561:8:Clock_Ip_GetFreq	0	static
Clock_Ip_Frequency.c:2577:6:Clock_Ip_SetExternalSignalFrequency	8	static
