Gmac_Ip.c:390:15:Gmac_Ip_ComputeCRC32	16	static
Gmac_Ip.c:615:14:Gmac_Ip_WriteGateControlList	24	static
Gmac_Ip.c:1333:27:Gmac_Ip_CheckMTLEmpty	40	static
Gmac_Ip.c:1569:20:Gmac_Ip_EnableTimeGateScheduling	72	static
Gmac_Ip.c:1618:6:Gmac_Ip_Deinit	0	static
Gmac_Ip.c:1646:24:Gmac_Ip_GetPowerState	0	static
Gmac_Ip.c:1661:6:Gmac_Ip_SetPowerState	0	static
Gmac_Ip.c:1676:6:Gmac_Ip_EnableController	20	static
Gmac_Ip.c:1701:20:Gmac_Ip_DisableController	32	static
Gmac_Ip.c:1755:6:Gmac_Ip_SetSpeed	0	static
Gmac_Ip.c:1770:20:Gmac_Ip_GetTxBuff	20	static
Gmac_Ip.c:1886:20:Gmac_Ip_GetTxMultiBuff	20	static
Gmac_Ip.c:1946:20:Gmac_Ip_SendFrame	24	static
Gmac_Ip.c:2028:20:Gmac_Ip_SendMultiBufferFrame	48	static
Gmac_Ip.c:2155:20:Gmac_Ip_ReadFrame	40	static
Gmac_Ip.c:2430:6:Gmac_Ip_SetRxExternalBuffer	16	static
Gmac_Ip.c:2492:6:Gmac_Ip_ProvideRxBuff	32	static
Gmac_Ip.c:2603:9:Gmac_Ip_IsFrameAvailable	0	static
Gmac_Ip.c:2631:20:Gmac_Ip_GetTransmitStatus	20	static
Gmac_Ip.c:2747:8:Gmac_Ip_GetCounter	8	static
Gmac_Ip.c:2769:6:Gmac_Ip_EnableMDIO	16	static
Gmac_Ip.c:2810:20:Gmac_Ip_MDIORead	32	static
Gmac_Ip.c:2848:20:Gmac_Ip_MDIOWrite	24	static
Gmac_Ip.c:2880:20:Gmac_Ip_MDIOReadMMD	24	static
Gmac_Ip.c:2919:20:Gmac_Ip_MDIOWriteMMD	24	static
Gmac_Ip.c:2952:6:Gmac_Ip_SetMacAddr	0	static
Gmac_Ip.c:1483:20:Gmac_Ip_Init	72	static
Gmac_Ip.c:2982:6:Gmac_Ip_GetMacAddr	0	static
Gmac_Ip.c:3011:8:Gmac_Ip_GetInterruptFlags	0	static
Gmac_Ip.c:3028:8:Gmac_Ip_GetChInterruptFlags	0	static
Gmac_Ip.c:3046:6:Gmac_Ip_SetBroadcastForwardAll	0	static
Gmac_Ip.c:3076:6:Gmac_Ip_SetMulticastForwardAll	0	static
Gmac_Ip.c:3108:6:Gmac_Ip_SetUnicastHashFilter	0	static
Gmac_Ip.c:3137:6:Gmac_Ip_SetMulticastHashFilter	0	static
Gmac_Ip.c:3166:6:Gmac_Ip_SetHashOrPerfectFilter	0	static
Gmac_Ip.c:3195:6:Gmac_Ip_AddDstAddrToHashFilter	8	static
Gmac_Ip.c:3216:6:Gmac_Ip_RemoveDstAddrFromHashFilter	8	static
Gmac_Ip.c:3237:6:Gmac_Ip_SetAddrPerfectFilter	12	static
Gmac_Ip.c:3305:6:Gmac_Ip_SetArpOffloading	0	static
Gmac_Ip.c:3342:6:Gmac_Ip_EnableVlan	12	static
Gmac_Ip.c:3382:20:Gmac_Ip_SetTxOuterVlanTagForInsertion	32	static
Gmac_Ip.c:3464:20:Gmac_Ip_SetTxOuterVlanTagForReplacement	8	static
Gmac_Ip.c:3503:6:Gmac_Ip_SetTxInnerVlanTag	8	static
Gmac_Ip.c:3707:6:Gmac_Ip_AddVlanTagToHashTable	16	static
Gmac_Ip.c:3732:6:Gmac_Ip_RemoveVlanTagFromHashTable	16	static
Gmac_Ip.c:3757:20:Gmac_Ip_InitSysTime	32	static
Gmac_Ip.c:3819:20:Gmac_Ip_SetSysTimeCorr	24	static
Gmac_Ip.c:3872:20:Gmac_Ip_SetRateRatioCorr	24	static
Gmac_Ip.c:3914:6:Gmac_Ip_GetSysTime	0	static
Gmac_Ip.c:3934:6:Gmac_Ip_SetTxSchedAlgo	0	static
Gmac_Ip.c:3956:6:Gmac_Ip_SetTxRingWeight	0	static
Gmac_Ip.c:3974:6:Gmac_Ip_EnableTxStoreAndForward	0	static
Gmac_Ip.c:3992:6:Gmac_Ip_SetTxThreshold	0	static
