Gmac_Ip_Hw_Access.c:132:22:REV_BITS_32	0	static
Gmac_Ip_Hw_Access.c:314:6:GMAC_StartTimeOut	24	static
Gmac_Ip_Hw_Access.c:330:9:GMAC_TimeoutExpired	16	static
Gmac_Ip_Hw_Access.c:351:20:GMAC_WriteManagementFrame	32	static
Gmac_Ip_Hw_Access.c:401:6:GMAC_CommonIRQHandler	32	static
Gmac_Ip_Hw_Access.c:505:6:GMAC_RxIRQHandler	16	static
Gmac_Ip_Hw_Access.c:545:6:GMAC_TxIRQHandler	16	static
Gmac_Ip_Hw_Access.c:584:6:GMAC_AddToHashTable	16	static
Gmac_Ip_Hw_Access.c:606:6:GMAC_RemoveFromHashTable	16	static
Gmac_Ip_Hw_Access.c:626:6:GMAC_AddVlanToHashTable	8	static
Gmac_Ip_Hw_Access.c:647:6:GMAC_RemoveVlanFromHashTable	8	static
Gmac_Ip_Hw_Access.c:668:24:GMAC_GetPowerState	0	static
Gmac_Ip_Hw_Access.c:705:6:GMAC_SetPowerState	0	static
Gmac_Ip_Hw_Access.c:819:6:GMAC_SetSpeed	0	static
Gmac_Ip_Hw_Access.c:855:6:GMAC_SetSchedAlg	0	static
Gmac_Ip_Hw_Access.c:877:6:GMAC_SetTxQueueQuantumWeight	0	static
Gmac_Ip_Hw_Access.c:889:6:GMAC_SetTxQueueCreditBasedShaper	0	static
Gmac_Ip_Hw_Access.c:905:6:GMAC_SetTxQueueOperationMode	0	static
Gmac_Ip_Hw_Access.c:926:6:GMAC_SetTxStoreAndForward	0	static
Gmac_Ip_Hw_Access.c:937:6:GMAC_SetTxThreshold	0	static
Gmac_Ip_Hw_Access.c:951:6:GMAC_EnableRxQueue	8	static
Gmac_Ip_Hw_Access.c:979:6:GMAC_SetRxQueueOperationMode	0	static
Gmac_Ip_Hw_Access.c:997:6:GMAC_SetRxQueuesDmaChMap	0	static
