Devassert.h:85:20:DevAssert	8	static
IntCtrl_Ip.c:172:6:IntCtrl_Ip_InstallHandlerPrivileged	16	static
IntCtrl_Ip.c:231:6:IntCtrl_Ip_EnableIrqPrivileged	8	static
IntCtrl_Ip.c:263:6:IntCtrl_Ip_DisableIrqPrivileged	8	static
IntCtrl_Ip.c:296:6:IntCtrl_Ip_SetPriorityPrivileged	8	static
IntCtrl_Ip.c:359:7:IntCtrl_Ip_GetPriorityPrivileged	8	static
IntCtrl_Ip.c:411:6:IntCtrl_Ip_ClearPendingPrivileged	8	static
IntCtrl_Ip.c:450:6:IntCtrl_Ip_SetPendingPrivileged	8	static
IntCtrl_Ip.c:485:8:IntCtrl_Ip_GetPendingPrivileged	8	static
IntCtrl_Ip.c:526:8:IntCtrl_Ip_GetActivePrivileged	8	static
IntCtrl_Ip.c:541:6:IntCtrl_Ip_ClearDirectedCpuInterruptPrivileged	8	static
IntCtrl_Ip.c:559:8:IntCtrl_Ip_GetDirectedCpuInterruptPrivileged	8	static
IntCtrl_Ip.c:578:6:IntCtrl_Ip_GenerateDirectedCpuInterruptPrivileged	16	static
IntCtrl_Ip.c:632:23:IntCtrl_Ip_Init	16	static
IntCtrl_Ip.c:673:6:IntCtrl_Ip_InstallHandler	0	static
IntCtrl_Ip.c:685:6:IntCtrl_Ip_EnableIrq	0	static
IntCtrl_Ip.c:695:6:IntCtrl_Ip_DisableIrq	0	static
IntCtrl_Ip.c:705:6:IntCtrl_Ip_SetPriority	0	static
IntCtrl_Ip.c:715:7:IntCtrl_Ip_GetPriority	0	static
IntCtrl_Ip.c:725:6:IntCtrl_Ip_ClearPending	0	static
IntCtrl_Ip.c:737:6:IntCtrl_Ip_SetPending	0	static
IntCtrl_Ip.c:747:9:IntCtrl_Ip_GetPending	8	static
IntCtrl_Ip.c:760:9:IntCtrl_Ip_GetActive	8	static
IntCtrl_Ip.c:776:6:IntCtrl_Ip_ClearDirectedCpuInterrupt	0	static
IntCtrl_Ip.c:785:9:IntCtrl_Ip_GetDirectedCpuInterrupt	8	static
IntCtrl_Ip.c:794:6:IntCtrl_Ip_GenerateDirectedCpuInterrupt	0	static
