Pit_Ip.c:838:8:Pit_Ip_GetLoadValue	0	static
Pit_Ip.c:1490:6:Pit_Ip_Init	0	static
Pit_Ip.c:1555:6:Pit_Ip_InitChannel	24	static
Pit_Ip.c:1662:6:Pit_Ip_Deinit	12	static
Pit_Ip.c:1878:19:Pit_Ip_StartChannel	16	static
Pit_Ip.c:1942:6:Pit_Ip_StopChannel	16	static
Pit_Ip.c:1967:8:Pit_Ip_GetCurrentTimer	0	static
Pit_Ip.c:1992:6:Pit_Ip_EnableChannelInterrupt	8	static
Pit_Ip.c:2016:6:Pit_Ip_DisableChannelInterrupt	16	static
Pit_Ip.c:2112:6:Pit_Ip_SetLifetimeTimer	16	static
Pit_Ip.c:2147:8:Pit_Ip_GetLifetimeTimer	16	static
Pit_Ip.c:2194:1:PIT_0_ISR	32	static
