SchM_Gpt.c:425:8:Gpt_schm_read_msr	0	static
SchM_Gpt.c:509:6:SchM_Enter_Gpt_GPT_EXCLUSIVE_AREA_00	8	static
SchM_Gpt.c:533:6:SchM_Exit_Gpt_GPT_EXCLUSIVE_AREA_00	8	static
SchM_Gpt.c:547:6:SchM_Enter_Gpt_GPT_EXCLUSIVE_AREA_01	8	static
SchM_Gpt.c:571:6:SchM_Exit_Gpt_GPT_EXCLUSIVE_AREA_01	8	static
SchM_Gpt.c:585:6:SchM_Enter_Gpt_GPT_EXCLUSIVE_AREA_02	8	static
SchM_Gpt.c:609:6:SchM_Exit_Gpt_GPT_EXCLUSIVE_AREA_02	8	static
SchM_Gpt.c:623:6:SchM_Enter_Gpt_GPT_EXCLUSIVE_AREA_03	8	static
SchM_Gpt.c:647:6:SchM_Exit_Gpt_GPT_EXCLUSIVE_AREA_03	8	static
SchM_Gpt.c:661:6:SchM_Enter_Gpt_GPT_EXCLUSIVE_AREA_04	8	static
SchM_Gpt.c:685:6:SchM_Exit_Gpt_GPT_EXCLUSIVE_AREA_04	8	static
SchM_Gpt.c:699:6:SchM_Enter_Gpt_GPT_EXCLUSIVE_AREA_05	8	static
SchM_Gpt.c:723:6:SchM_Exit_Gpt_GPT_EXCLUSIVE_AREA_05	8	static
SchM_Gpt.c:737:6:SchM_Enter_Gpt_GPT_EXCLUSIVE_AREA_06	8	static
SchM_Gpt.c:761:6:SchM_Exit_Gpt_GPT_EXCLUSIVE_AREA_06	8	static
SchM_Gpt.c:775:6:SchM_Enter_Gpt_GPT_EXCLUSIVE_AREA_07	8	static
SchM_Gpt.c:799:6:SchM_Exit_Gpt_GPT_EXCLUSIVE_AREA_07	8	static
SchM_Gpt.c:813:6:SchM_Enter_Gpt_GPT_EXCLUSIVE_AREA_08	8	static
SchM_Gpt.c:837:6:SchM_Exit_Gpt_GPT_EXCLUSIVE_AREA_08	8	static
SchM_Gpt.c:851:6:SchM_Enter_Gpt_GPT_EXCLUSIVE_AREA_09	8	static
SchM_Gpt.c:875:6:SchM_Exit_Gpt_GPT_EXCLUSIVE_AREA_09	8	static
SchM_Gpt.c:889:6:SchM_Enter_Gpt_GPT_EXCLUSIVE_AREA_10	8	static
SchM_Gpt.c:913:6:SchM_Exit_Gpt_GPT_EXCLUSIVE_AREA_10	8	static
SchM_Gpt.c:927:6:SchM_Enter_Gpt_GPT_EXCLUSIVE_AREA_11	8	static
SchM_Gpt.c:951:6:SchM_Exit_Gpt_GPT_EXCLUSIVE_AREA_11	8	static
SchM_Gpt.c:965:6:SchM_Enter_Gpt_GPT_EXCLUSIVE_AREA_17	8	static
SchM_Gpt.c:989:6:SchM_Exit_Gpt_GPT_EXCLUSIVE_AREA_17	8	static
SchM_Gpt.c:1003:6:SchM_Enter_Gpt_GPT_EXCLUSIVE_AREA_21	8	static
SchM_Gpt.c:1027:6:SchM_Exit_Gpt_GPT_EXCLUSIVE_AREA_21	8	static
SchM_Gpt.c:1041:6:SchM_Enter_Gpt_GPT_EXCLUSIVE_AREA_22	8	static
SchM_Gpt.c:1065:6:SchM_Exit_Gpt_GPT_EXCLUSIVE_AREA_22	8	static
SchM_Gpt.c:1079:6:SchM_Enter_Gpt_GPT_EXCLUSIVE_AREA_23	8	static
SchM_Gpt.c:1103:6:SchM_Exit_Gpt_GPT_EXCLUSIVE_AREA_23	8	static
SchM_Gpt.c:1117:6:SchM_Enter_Gpt_GPT_EXCLUSIVE_AREA_24	8	static
SchM_Gpt.c:1141:6:SchM_Exit_Gpt_GPT_EXCLUSIVE_AREA_24	8	static
SchM_Gpt.c:1155:6:SchM_Enter_Gpt_GPT_EXCLUSIVE_AREA_25	8	static
SchM_Gpt.c:1179:6:SchM_Exit_Gpt_GPT_EXCLUSIVE_AREA_25	8	static
SchM_Gpt.c:1193:6:SchM_Enter_Gpt_GPT_EXCLUSIVE_AREA_26	8	static
SchM_Gpt.c:1217:6:SchM_Exit_Gpt_GPT_EXCLUSIVE_AREA_26	8	static
SchM_Gpt.c:1231:6:SchM_Enter_Gpt_GPT_EXCLUSIVE_AREA_29	8	static
SchM_Gpt.c:1255:6:SchM_Exit_Gpt_GPT_EXCLUSIVE_AREA_29	8	static
SchM_Gpt.c:1269:6:SchM_Enter_Gpt_GPT_EXCLUSIVE_AREA_30	8	static
SchM_Gpt.c:1293:6:SchM_Exit_Gpt_GPT_EXCLUSIVE_AREA_30	8	static
SchM_Gpt.c:1307:6:SchM_Enter_Gpt_GPT_EXCLUSIVE_AREA_31	8	static
SchM_Gpt.c:1331:6:SchM_Exit_Gpt_GPT_EXCLUSIVE_AREA_31	8	static
SchM_Gpt.c:1345:6:SchM_Enter_Gpt_GPT_EXCLUSIVE_AREA_35	8	static
SchM_Gpt.c:1369:6:SchM_Exit_Gpt_GPT_EXCLUSIVE_AREA_35	8	static
SchM_Gpt.c:1383:6:SchM_Enter_Gpt_GPT_EXCLUSIVE_AREA_36	8	static
SchM_Gpt.c:1407:6:SchM_Exit_Gpt_GPT_EXCLUSIVE_AREA_36	8	static
SchM_Gpt.c:1421:6:SchM_Enter_Gpt_GPT_EXCLUSIVE_AREA_38	8	static
SchM_Gpt.c:1445:6:SchM_Exit_Gpt_GPT_EXCLUSIVE_AREA_38	8	static
SchM_Gpt.c:1459:6:SchM_Enter_Gpt_GPT_EXCLUSIVE_AREA_39	8	static
SchM_Gpt.c:1483:6:SchM_Exit_Gpt_GPT_EXCLUSIVE_AREA_39	8	static
SchM_Gpt.c:1497:6:SchM_Enter_Gpt_GPT_EXCLUSIVE_AREA_40	8	static
SchM_Gpt.c:1521:6:SchM_Exit_Gpt_GPT_EXCLUSIVE_AREA_40	8	static
SchM_Gpt.c:1535:6:SchM_Enter_Gpt_GPT_EXCLUSIVE_AREA_41	8	static
SchM_Gpt.c:1559:6:SchM_Exit_Gpt_GPT_EXCLUSIVE_AREA_41	8	static
SchM_Gpt.c:1573:6:SchM_Enter_Gpt_GPT_EXCLUSIVE_AREA_42	8	static
SchM_Gpt.c:1597:6:SchM_Exit_Gpt_GPT_EXCLUSIVE_AREA_42	8	static
SchM_Gpt.c:1611:6:SchM_Enter_Gpt_GPT_EXCLUSIVE_AREA_43	8	static
SchM_Gpt.c:1635:6:SchM_Exit_Gpt_GPT_EXCLUSIVE_AREA_43	8	static
SchM_Gpt.c:1649:6:SchM_Enter_Gpt_GPT_EXCLUSIVE_AREA_44	8	static
SchM_Gpt.c:1673:6:SchM_Exit_Gpt_GPT_EXCLUSIVE_AREA_44	8	static
SchM_Gpt.c:1687:6:SchM_Enter_Gpt_GPT_EXCLUSIVE_AREA_45	8	static
SchM_Gpt.c:1711:6:SchM_Exit_Gpt_GPT_EXCLUSIVE_AREA_45	8	static
SchM_Gpt.c:1725:6:SchM_Enter_Gpt_GPT_EXCLUSIVE_AREA_46	8	static
SchM_Gpt.c:1749:6:SchM_Exit_Gpt_GPT_EXCLUSIVE_AREA_46	8	static
SchM_Gpt.c:1763:6:SchM_Enter_Gpt_GPT_EXCLUSIVE_AREA_50	8	static
SchM_Gpt.c:1787:6:SchM_Exit_Gpt_GPT_EXCLUSIVE_AREA_50	8	static
SchM_Gpt.c:1801:6:SchM_Enter_Gpt_GPT_EXCLUSIVE_AREA_51	8	static
SchM_Gpt.c:1825:6:SchM_Exit_Gpt_GPT_EXCLUSIVE_AREA_51	8	static
SchM_Gpt.c:1839:6:SchM_Enter_Gpt_GPT_EXCLUSIVE_AREA_52	8	static
SchM_Gpt.c:1863:6:SchM_Exit_Gpt_GPT_EXCLUSIVE_AREA_52	8	static
SchM_Gpt.c:1877:6:SchM_Enter_Gpt_GPT_EXCLUSIVE_AREA_53	8	static
SchM_Gpt.c:1901:6:SchM_Exit_Gpt_GPT_EXCLUSIVE_AREA_53	8	static
SchM_Gpt.c:1915:6:SchM_Enter_Gpt_GPT_EXCLUSIVE_AREA_54	8	static
SchM_Gpt.c:1939:6:SchM_Exit_Gpt_GPT_EXCLUSIVE_AREA_54	8	static
SchM_Gpt.c:1953:6:SchM_Enter_Gpt_GPT_EXCLUSIVE_AREA_55	8	static
SchM_Gpt.c:1977:6:SchM_Exit_Gpt_GPT_EXCLUSIVE_AREA_55	8	static
SchM_Gpt.c:1991:6:SchM_Enter_Gpt_GPT_EXCLUSIVE_AREA_56	8	static
SchM_Gpt.c:2015:6:SchM_Exit_Gpt_GPT_EXCLUSIVE_AREA_56	8	static
SchM_Gpt.c:2029:6:SchM_Enter_Gpt_GPT_EXCLUSIVE_AREA_60	8	static
SchM_Gpt.c:2053:6:SchM_Exit_Gpt_GPT_EXCLUSIVE_AREA_60	8	static
SchM_Gpt.c:2067:6:SchM_Enter_Gpt_GPT_EXCLUSIVE_AREA_61	8	static
SchM_Gpt.c:2091:6:SchM_Exit_Gpt_GPT_EXCLUSIVE_AREA_61	8	static
SchM_Gpt.c:2105:6:SchM_Enter_Gpt_GPT_EXCLUSIVE_AREA_64	8	static
SchM_Gpt.c:2129:6:SchM_Exit_Gpt_GPT_EXCLUSIVE_AREA_64	8	static
SchM_Gpt.c:2143:6:SchM_Enter_Gpt_GPT_EXCLUSIVE_AREA_65	8	static
SchM_Gpt.c:2167:6:SchM_Exit_Gpt_GPT_EXCLUSIVE_AREA_65	8	static
SchM_Gpt.c:2181:6:SchM_Enter_Gpt_GPT_EXCLUSIVE_AREA_66	8	static
SchM_Gpt.c:2205:6:SchM_Exit_Gpt_GPT_EXCLUSIVE_AREA_66	8	static
SchM_Gpt.c:2219:6:SchM_Enter_Gpt_GPT_EXCLUSIVE_AREA_67	8	static
SchM_Gpt.c:2243:6:SchM_Exit_Gpt_GPT_EXCLUSIVE_AREA_67	8	static
SchM_Gpt.c:2257:6:SchM_Enter_Gpt_GPT_EXCLUSIVE_AREA_68	8	static
SchM_Gpt.c:2281:6:SchM_Exit_Gpt_GPT_EXCLUSIVE_AREA_68	8	static
SchM_Gpt.c:2295:6:SchM_Enter_Gpt_GPT_EXCLUSIVE_AREA_69	8	static
SchM_Gpt.c:2319:6:SchM_Exit_Gpt_GPT_EXCLUSIVE_AREA_69	8	static
SchM_Gpt.c:2333:6:SchM_Enter_Gpt_GPT_EXCLUSIVE_AREA_70	8	static
SchM_Gpt.c:2357:6:SchM_Exit_Gpt_GPT_EXCLUSIVE_AREA_70	8	static
SchM_Gpt.c:2371:6:SchM_Enter_Gpt_GPT_EXCLUSIVE_AREA_71	8	static
SchM_Gpt.c:2395:6:SchM_Exit_Gpt_GPT_EXCLUSIVE_AREA_71	8	static
SchM_Gpt.c:2409:6:SchM_Enter_Gpt_GPT_EXCLUSIVE_AREA_72	8	static
SchM_Gpt.c:2433:6:SchM_Exit_Gpt_GPT_EXCLUSIVE_AREA_72	8	static
SchM_Gpt.c:2447:6:SchM_Enter_Gpt_GPT_EXCLUSIVE_AREA_73	8	static
SchM_Gpt.c:2471:6:SchM_Exit_Gpt_GPT_EXCLUSIVE_AREA_73	8	static
SchM_Gpt.c:2485:6:SchM_Enter_Gpt_GPT_EXCLUSIVE_AREA_80	8	static
SchM_Gpt.c:2509:6:SchM_Exit_Gpt_GPT_EXCLUSIVE_AREA_80	8	static
SchM_Gpt.c:2523:6:SchM_Enter_Gpt_GPT_EXCLUSIVE_AREA_81	8	static
SchM_Gpt.c:2547:6:SchM_Exit_Gpt_GPT_EXCLUSIVE_AREA_81	8	static
SchM_Gpt.c:2561:6:SchM_Enter_Gpt_GPT_EXCLUSIVE_AREA_82	8	static
SchM_Gpt.c:2585:6:SchM_Exit_Gpt_GPT_EXCLUSIVE_AREA_82	8	static
SchM_Gpt.c:2599:6:SchM_Enter_Gpt_GPT_EXCLUSIVE_AREA_83	8	static
SchM_Gpt.c:2623:6:SchM_Exit_Gpt_GPT_EXCLUSIVE_AREA_83	8	static
SchM_Gpt.c:2637:6:SchM_Enter_Gpt_GPT_EXCLUSIVE_AREA_84	8	static
SchM_Gpt.c:2661:6:SchM_Exit_Gpt_GPT_EXCLUSIVE_AREA_84	8	static
SchM_Gpt.c:2675:6:SchM_Enter_Gpt_GPT_EXCLUSIVE_AREA_85	8	static
SchM_Gpt.c:2699:6:SchM_Exit_Gpt_GPT_EXCLUSIVE_AREA_85	8	static
SchM_Gpt.c:2713:6:SchM_Enter_Gpt_GPT_EXCLUSIVE_AREA_86	8	static
SchM_Gpt.c:2737:6:SchM_Exit_Gpt_GPT_EXCLUSIVE_AREA_86	8	static
SchM_Gpt.c:2751:6:SchM_Enter_Gpt_GPT_EXCLUSIVE_AREA_87	8	static
SchM_Gpt.c:2775:6:SchM_Exit_Gpt_GPT_EXCLUSIVE_AREA_87	8	static
SchM_Gpt.c:2789:6:SchM_Enter_Gpt_GPT_EXCLUSIVE_AREA_88	8	static
SchM_Gpt.c:2813:6:SchM_Exit_Gpt_GPT_EXCLUSIVE_AREA_88	8	static
SchM_Gpt.c:2827:6:SchM_Enter_Gpt_GPT_EXCLUSIVE_AREA_89	8	static
SchM_Gpt.c:2851:6:SchM_Exit_Gpt_GPT_EXCLUSIVE_AREA_89	8	static
SchM_Gpt.c:2865:6:SchM_Enter_Gpt_GPT_EXCLUSIVE_AREA_90	8	static
SchM_Gpt.c:2889:6:SchM_Exit_Gpt_GPT_EXCLUSIVE_AREA_90	8	static
SchM_Gpt.c:2903:6:SchM_Enter_Gpt_GPT_EXCLUSIVE_AREA_91	8	static
SchM_Gpt.c:2927:6:SchM_Exit_Gpt_GPT_EXCLUSIVE_AREA_91	8	static
