SchM_Port.c:353:8:Port_schm_read_msr	0	static
SchM_Port.c:437:6:SchM_Enter_Port_PORT_EXCLUSIVE_AREA_00	8	static
SchM_Port.c:461:6:SchM_Exit_Port_PORT_EXCLUSIVE_AREA_00	8	static
SchM_Port.c:475:6:SchM_Enter_Port_PORT_EXCLUSIVE_AREA_01	8	static
SchM_Port.c:499:6:SchM_Exit_Port_PORT_EXCLUSIVE_AREA_01	8	static
SchM_Port.c:513:6:SchM_Enter_Port_PORT_EXCLUSIVE_AREA_02	8	static
SchM_Port.c:537:6:SchM_Exit_Port_PORT_EXCLUSIVE_AREA_02	8	static
SchM_Port.c:551:6:SchM_Enter_Port_PORT_EXCLUSIVE_AREA_03	8	static
SchM_Port.c:575:6:SchM_Exit_Port_PORT_EXCLUSIVE_AREA_03	8	static
SchM_Port.c:589:6:SchM_Enter_Port_PORT_EXCLUSIVE_AREA_04	8	static
SchM_Port.c:613:6:SchM_Exit_Port_PORT_EXCLUSIVE_AREA_04	8	static
SchM_Port.c:627:6:SchM_Enter_Port_PORT_EXCLUSIVE_AREA_05	8	static
SchM_Port.c:651:6:SchM_Exit_Port_PORT_EXCLUSIVE_AREA_05	8	static
SchM_Port.c:665:6:SchM_Enter_Port_PORT_EXCLUSIVE_AREA_06	8	static
SchM_Port.c:689:6:SchM_Exit_Port_PORT_EXCLUSIVE_AREA_06	8	static
SchM_Port.c:703:6:SchM_Enter_Port_PORT_EXCLUSIVE_AREA_07	8	static
SchM_Port.c:727:6:SchM_Exit_Port_PORT_EXCLUSIVE_AREA_07	8	static
SchM_Port.c:741:6:SchM_Enter_Port_PORT_EXCLUSIVE_AREA_08	8	static
SchM_Port.c:765:6:SchM_Exit_Port_PORT_EXCLUSIVE_AREA_08	8	static
SchM_Port.c:779:6:SchM_Enter_Port_PORT_EXCLUSIVE_AREA_09	8	static
SchM_Port.c:803:6:SchM_Exit_Port_PORT_EXCLUSIVE_AREA_09	8	static
SchM_Port.c:817:6:SchM_Enter_Port_PORT_EXCLUSIVE_AREA_10	8	static
SchM_Port.c:841:6:SchM_Exit_Port_PORT_EXCLUSIVE_AREA_10	8	static
SchM_Port.c:855:6:SchM_Enter_Port_PORT_EXCLUSIVE_AREA_11	8	static
SchM_Port.c:879:6:SchM_Exit_Port_PORT_EXCLUSIVE_AREA_11	8	static
SchM_Port.c:893:6:SchM_Enter_Port_PORT_EXCLUSIVE_AREA_12	8	static
SchM_Port.c:917:6:SchM_Exit_Port_PORT_EXCLUSIVE_AREA_12	8	static
SchM_Port.c:931:6:SchM_Enter_Port_PORT_EXCLUSIVE_AREA_13	8	static
SchM_Port.c:955:6:SchM_Exit_Port_PORT_EXCLUSIVE_AREA_13	8	static
SchM_Port.c:969:6:SchM_Enter_Port_PORT_EXCLUSIVE_AREA_14	8	static
SchM_Port.c:993:6:SchM_Exit_Port_PORT_EXCLUSIVE_AREA_14	8	static
SchM_Port.c:1007:6:SchM_Enter_Port_PORT_EXCLUSIVE_AREA_15	8	static
SchM_Port.c:1031:6:SchM_Exit_Port_PORT_EXCLUSIVE_AREA_15	8	static
SchM_Port.c:1045:6:SchM_Enter_Port_PORT_EXCLUSIVE_AREA_16	8	static
SchM_Port.c:1069:6:SchM_Exit_Port_PORT_EXCLUSIVE_AREA_16	8	static
SchM_Port.c:1083:6:SchM_Enter_Port_PORT_EXCLUSIVE_AREA_17	8	static
SchM_Port.c:1107:6:SchM_Exit_Port_PORT_EXCLUSIVE_AREA_17	8	static
SchM_Port.c:1121:6:SchM_Enter_Port_PORT_EXCLUSIVE_AREA_18	8	static
SchM_Port.c:1145:6:SchM_Exit_Port_PORT_EXCLUSIVE_AREA_18	8	static
SchM_Port.c:1159:6:SchM_Enter_Port_PORT_EXCLUSIVE_AREA_19	8	static
SchM_Port.c:1183:6:SchM_Exit_Port_PORT_EXCLUSIVE_AREA_19	8	static
SchM_Port.c:1197:6:SchM_Enter_Port_PORT_EXCLUSIVE_AREA_20	8	static
SchM_Port.c:1221:6:SchM_Exit_Port_PORT_EXCLUSIVE_AREA_20	8	static
SchM_Port.c:1235:6:SchM_Enter_Port_PORT_EXCLUSIVE_AREA_21	8	static
SchM_Port.c:1259:6:SchM_Exit_Port_PORT_EXCLUSIVE_AREA_21	8	static
SchM_Port.c:1273:6:SchM_Enter_Port_PORT_EXCLUSIVE_AREA_22	8	static
SchM_Port.c:1297:6:SchM_Exit_Port_PORT_EXCLUSIVE_AREA_22	8	static
SchM_Port.c:1311:6:SchM_Enter_Port_PORT_EXCLUSIVE_AREA_23	8	static
SchM_Port.c:1335:6:SchM_Exit_Port_PORT_EXCLUSIVE_AREA_23	8	static
SchM_Port.c:1349:6:SchM_Enter_Port_PORT_EXCLUSIVE_AREA_24	8	static
SchM_Port.c:1373:6:SchM_Exit_Port_PORT_EXCLUSIVE_AREA_24	8	static
SchM_Port.c:1387:6:SchM_Enter_Port_PORT_EXCLUSIVE_AREA_25	8	static
SchM_Port.c:1411:6:SchM_Exit_Port_PORT_EXCLUSIVE_AREA_25	8	static
SchM_Port.c:1425:6:SchM_Enter_Port_PORT_EXCLUSIVE_AREA_26	8	static
SchM_Port.c:1449:6:SchM_Exit_Port_PORT_EXCLUSIVE_AREA_26	8	static
SchM_Port.c:1463:6:SchM_Enter_Port_PORT_EXCLUSIVE_AREA_27	8	static
SchM_Port.c:1487:6:SchM_Exit_Port_PORT_EXCLUSIVE_AREA_27	8	static
