Devassert.h:85:20:DevAssert	8	static
Siul2_Port_Ip.c:434:6:Siul2_Port_Ip_PinInit	16	static
Siul2_Port_Ip.c:978:30:Siul2_Port_Ip_Init	16	static
Siul2_Port_Ip.c:1006:6:Siul2_Port_Ip_ConfigInternalResistor	16	static
Siul2_Port_Ip.c:1078:6:Siul2_Port_Ip_SetPullSel	8	static
Siul2_Port_Ip.c:1090:6:Siul2_Port_Ip_ConfigOutputBuffer	24	static
Siul2_Port_Ip.c:1133:6:Siul2_Port_Ip_SetOutputBuffer	16	static
Siul2_Port_Ip.c:1145:6:Siul2_Port_Ip_ConfigInputBuffer	24	static
Siul2_Port_Ip.c:1271:6:Siul2_Port_Ip_SetInputBuffer	24	static
Siul2_Port_Ip.c:1282:6:Siul2_Port_Ip_ConfigPinDirection	16	static
Siul2_Port_Ip.c:1363:6:Siul2_Port_Ip_SetPinDirection	8	static
Siul2_Port_Ip.c:1374:8:Siul2_Port_Ip_GetValueConfigRevertPin	24	static
Siul2_Port_Ip.c:1461:8:Siul2_Port_Ip_RevertPinConfiguration	8	static
Siul2_Port_Ip.c:1475:6:Siul2_Port_Ip_GetValuePinConfiguration	20	static
Siul2_Port_Ip.c:1580:6:Siul2_Port_Ip_GetPinConfiguration	8	static
