Stm_Ip.c:1063:6:Stm_Ip_Init	16	static
Stm_Ip.c:1097:6:Stm_Ip_InitChannel	24	static
Stm_Ip.c:1166:6:Stm_Ip_Deinit	32	static
Stm_Ip.c:1207:6:Stm_Ip_StartCounting	24	static
Stm_Ip.c:1271:6:Stm_Ip_StartTimer	8	static
Stm_Ip.c:1292:6:Stm_Ip_StopTimer	8	static
Stm_Ip.c:1312:6:Stm_Ip_EnableChannel	8	static
Stm_Ip.c:1334:6:Stm_Ip_DisableChannel	16	static
Stm_Ip.c:1356:8:Stm_Ip_GetCounterValue	0	static
Stm_Ip.c:1381:8:Stm_Ip_GetCompareValue	0	static
Stm_Ip.c:1499:6:Stm_Ip_PredefCounting	8	static
Stm_Ip.c:2535:1:STM_0_ISR	48	static
