lowpan6_ble.c:328:1:rfc7668_output	64	static
lowpan6_ble.c:110:1:ble_addr_to_eui64	0	static
lowpan6_ble.c:139:1:eui64_to_ble_addr	0	static
lowpan6_ble.c:176:1:rfc7668_set_local_addr_eui64	0	static
lowpan6_ble.c:187:1:rfc7668_set_local_addr_mac48	8	static
lowpan6_ble.c:198:1:rfc7668_set_peer_addr_eui64	0	static
lowpan6_ble.c:209:1:rfc7668_set_peer_addr_mac48	8	static
lowpan6_ble.c:300:1:rfc7668_set_context	12	static
lowpan6_ble.c:347:1:rfc7668_input	24	static
lowpan6_ble.c:410:1:rfc7668_if_init	0	static
