lwiperf.c:249:1:lwiperf_tcp_close	48	static
lwiperf.c:564:1:lwiperf_tcp_err	0	static
lwiperf.c:592:1:lwiperf_tcp_accept	24	static
lwiperf.c:276:1:lwiperf_tcp_client_send_more	32	static
lwiperf.c:354:1:lwiperf_tcp_client_sent	0	static
lwiperf.c:573:1:lwiperf_tcp_poll	8	static
lwiperf.c:369:1:lwiperf_tcp_client_connected	8	static
lwiperf.c:684:14:lwiperf_start_tcp_server_impl.part.0.constprop	24	static
lwiperf.c:387:1:lwiperf_tx_start_impl.part.0	64	static
lwiperf.c:439:1:lwiperf_tx_start_passive	40	static
lwiperf.c:456:1:lwiperf_tcp_recv	24	static
lwiperf.c:670:1:lwiperf_start_tcp_server	32	static
lwiperf.c:655:1:lwiperf_start_tcp_server_default	0	static
lwiperf.c:820:1:lwiperf_abort	16	static
lwiperf.c:758:7:lwiperf_start_tcp_client	80	static
lwiperf.c:744:7:lwiperf_start_tcp_client_default	16	static
