netif.c:1623:1:netif_null_output_ip6	0	static
netif.c:445:1:netif_do_ip_addr_changed	16	static
netif.c:878:1:netif_issue_reports	16	static
netif.c:460:1:netif_do_set_ipaddr	40	static
netif.c:1637:1:netif_null_output_ip4	0	static
netif.c:177:1:netif_init	0	static
netif.c:217:1:netif_input	0	static
netif.c:503:1:netif_set_ipaddr	32	static
netif.c:563:1:netif_set_netmask	0	static
netif.c:624:1:netif_set_gw	0	static
netif.c:661:1:netif_set_addr	48	static
netif.c:276:1:netif_add	40	static
netif.c:239:1:netif_add_noaddr	24	static
netif.c:825:1:netif_set_default	0	static
netif.c:847:1:netif_set_up	8	static
netif.c:922:1:netif_set_down	8	static
netif.c:740:1:netif_remove	24	static
netif.c:991:1:netif_set_link_up	8	static
netif.c:1029:1:netif_set_link_down	0	static
netif.c:1305:1:netif_alloc_client_data_id	0	static
netif.c:1354:1:netif_ip6_addr_set_parts	48	static
netif.c:1332:1:netif_ip6_addr_set	16	static
netif.c:1411:1:netif_ip6_addr_set_state	32	static
netif.c:1482:1:netif_get_ip6_addr_match	12	static
netif.c:1515:1:netif_create_ip6_linklocal_address	16	static
netif.c:1583:1:netif_add_ip6_address	24	static
netif.c:1694:1:netif_get_by_index	0	static
netif.c:1674:1:netif_index_to_name	16	static
netif.c:1719:1:netif_find	8	static
netif.c:1655:1:netif_name_to_index	8	static
