rsdk_toolchain_helper.h:109:38:rsdk_test_not_null_lnk_sym	24	static
radar_functions_helpers.c:145:6:AppCheckDspResponsiveness	16	static
radar_functions_helpers.c:158:6:AppChangeDspRuntimeConfig	32	static
radar_functions_helpers.c:186:6:AppRunDspAsyncJob	40	static
radar_functions_helpers.c:218:6:AppUpdateDspJobList	32	static
radar_functions_helpers.c:248:6:AppStartDspTrace	16	static
radar_functions_helpers.c:267:6:AppStopDspTrace	48	static
radar_functions_helpers.c:292:6:AppInitDsphd	16	static
radar_functions_helpers.c:334:6:ExampleInitSPTDriver	16	static
radar_functions_helpers.c:391:6:ExampleLaunchSptKernel	24	static
radar_functions_helpers.c:444:16:extractPeakData	48	static
radar_functions_helpers.c:544:6:MergeDetects	72	static
radar_functions_helpers.c:583:6:Spt_EcsIsrCb	16	static
radar_functions_helpers.c:627:28:Spt_EvtIsrCb	64	static
radar_functions_helpers.c:745:6:WaitForSPT	16	static
radar_functions_helpers.c:771:6:RelocSptCode	24	static
radar_functions_helpers.c:791:28:Csi2_IrqHandlerEvents0	4	static
radar_functions_helpers.c:792:28:Csi2_IrqHandlerPathErr0	4	static
radar_functions_helpers.c:793:28:Csi2_IrqHandlerRxErr0	4	static
radar_functions_helpers.c:796:6:Spt_DspIsrCb	24	static
radar_functions_helpers.c:846:6:statusCheck	16	static
radar_functions_helpers.c:859:6:Dsphd_EventCb	16	static
radar_functions_helpers.c:875:6:Spt_DspBootloaderCb	24	static
