igmp.c:758:1:igmp_send	64	static
igmp.c:713:1:igmp_delaying_member	16	static
igmp.c:114:1:igmp_init	0	static
igmp.c:160:1:igmp_stop	16	static
igmp.c:192:1:igmp_report_groups	8	static
igmp.c:218:1:igmp_lookfor_group	0	static
igmp.c:244:1:igmp_lookup_group	16	static
igmp.c:128:1:igmp_start	8	static
igmp.c:323:1:igmp_input	40	static
igmp.c:485:1:igmp_joingroup_netif	16	static
igmp.c:449:1:igmp_joingroup	16	static
igmp.c:581:1:igmp_leavegroup_netif	16	static
igmp.c:546:1:igmp_leavegroup	24	static
igmp.c:641:1:igmp_tmr	24	static
