Os_hw_core.c:94:14:OSInterruptDispatcher	0	static
Os_hw_core.c:157:14:OSPendSVException	0	static
Os_hw_core.c:253:23:OSSetJmp	0	static
Os_hw_core.c:300:23:OSLongJmp	0	static
Os_hw_core.c:458:6:OSNmiException	8	static
Os_hw_core.c:471:14:OSHardFaultException	0	static
Os_hw_core.c:508:6:OSHardFaultHandler_main	16	static
Os_hw_core.c:533:14:OSMemManageException	0	static
Os_hw_core.c:542:6:OSMemManageHandler_main	16	static
Os_hw_core.c:586:6:OSBusFaultException	16	static
Os_hw_core.c:609:6:OSUsageFaultException	8	static
Os_hw_core.c:622:14:OSSVCallException	0	static
Os_hw_core.c:629:6:OSSVCHandler_main	16	static
Os_hw_core.c:685:6:OSDebugMonitorException	8	static
Os_hw_core.c:701:6:OSReservedException	8	static
Os_hw_core.c:710:14:OSArmDeactivateIsr	0	static
Os_hw_core.c:805:6:OSWait	4	static
