Os_isr.c:357:1:OS_DisableAllInterrupts	16	static
Os_isr.c:378:1:OS_EnableAllInterrupts	16	static
Os_isr.c:477:1:OS_SuspendAllInterrupts	16	static
Os_isr.c:532:1:OS_ResumeAllInterrupts	16	static
Os_isr.c:894:1:OS_DisableInterruptSource	24	static
Os_isr.c:978:1:OS_EnableInterruptSource	24	static
Os_isr.c:1062:1:OS_ClearPendingInterrupt	32	static
Os_isr.c:1192:1:OSISRException	8	static
Os_isr.c:1395:1:OSInitializeISR	32	static
Os_isr.c:1807:15:OSExitISR1	48	static
Os_isr.c:1908:1:OSInterruptDispatcher1	24	static
Os_isr.c:3093:19:OSEnableInterruptSourceInternal	40	static
Os_isr.c:3186:19:OSDisableInterruptSourceInternal	32	static
