Clock_Ip.c:243:13:Clock_Ip_NotificatonsEmptyCallback	16	static
Clock_Ip.c:258:13:Clock_Ip_UpdateDriverContext	24	static
Clock_Ip.c:567:13:Clock_Ip_CallEmptyCallbacks	8	static
Clock_Ip.c:600:13:Clock_Ip_ResetClockConfiguration	24	static
Clock_Ip.c:665:21:Clock_Ip_Init	24	static
Clock_Ip.c:730:6:Clock_Ip_InitClock	32	static
Clock_Ip.c:925:24:Clock_Ip_GetPllStatus	24	static
Clock_Ip.c:977:6:Clock_Ip_DistributePll	16	static
Clock_Ip.c:1031:6:Clock_Ip_DisableClockMonitor	24	static
Clock_Ip.c:1047:6:Clock_Ip_InstallNotificationsCallback	16	static
Clock_Ip.c:1061:6:Clock_Ip_DisableModuleClock	24	static
Clock_Ip.c:1077:6:Clock_Ip_EnableModuleClock	24	static
Clock_Ip.c:1112:8:Clock_Ip_GetClockFrequency	16	static
Clock_Ip.c:1132:13:Clock_Ip_SetWaitStates	8	static
Clock_Ip.c:1178:6:Clock_Ip_ReportClockErrors	16	static
Clock_Ip.c:1189:6:Clock_Ip_StartTimeout	24	static
Clock_Ip.c:1205:9:Clock_Ip_TimeoutExpired	32	static
