Power_Ip_MC_ME.c:239:20:Power_Ip_MC_ME_WriteControlKeys	4	static
Power_Ip_MC_ME.c:260:20:Power_Ip_MC_ME_TriggerModeUpdate	8	static
Power_Ip_MC_ME.c:278:20:Power_Ip_MC_ME_TriggerPartitionUpdate	24	static
Power_Ip_MC_ME.c:304:20:Power_Ip_MC_ME_TriggerCofbUpdate	24	static
Power_Ip_MC_ME.c:328:20:Power_Ip_MC_ME_TriggerCoreUpdate	24	static
Power_Ip_MC_ME.c:350:13:Power_Ip_MC_ME_ConfigurePartitionClock	48	static
Power_Ip_MC_ME.c:401:13:Power_Ip_MC_ME_ConfigurePartitionOutputSafe	48	static
Power_Ip_MC_ME.c:455:13:Power_Ip_MC_ME_ConfigureCOFB	48	static
Power_Ip_MC_ME.c:514:13:Power_Ip_MC_ME_ConfigureCore	48	static
Power_Ip_MC_ME.c:613:6:Power_Ip_MC_ME_ConfigCoreCOFBClock	24	static
Power_Ip_MC_ME.c:662:6:Power_Ip_MC_ME_EnablePartitionClock	24	static
Power_Ip_MC_ME.c:695:6:Power_Ip_MC_ME_DisablePartitionClock	24	static
Power_Ip_MC_ME.c:731:6:Power_Ip_MC_ME_EnablePartitionOutputSafe	24	static
Power_Ip_MC_ME.c:764:6:Power_Ip_MC_ME_DisablePartitionOutputSafe	24	static
Power_Ip_MC_ME.c:796:6:Power_Ip_MC_ME_SocTriggerResetEvent	16	static
