Power_Ip_MC_RGM.c:259:13:Power_Ip_MC_RGM_ClearFesResetFlags	40	static
Power_Ip_MC_RGM.c:300:13:Power_Ip_MC_RGM_ClearDesResetFlags	40	static
Power_Ip_MC_RGM.c:330:13:Power_Ip_MC_RGM_ReleaseDomainReset	16	static
Power_Ip_MC_RGM.c:336:13:Power_Ip_MC_RGM_AssertDomainReset	16	static
Power_Ip_MC_RGM.c:342:13:Power_Ip_MC_RGM_ConfigureResetDomainController	48	static
Power_Ip_MC_RGM.c:388:13:Power_Ip_MC_RGM_ConfigureCOFB	32	static
Power_Ip_MC_RGM.c:404:13:Power_Ip_MC_RGM_CheckConfigureCOFB	48	static
Power_Ip_MC_RGM.c:432:13:Power_Ip_MC_RGM_ConfigureCore	32	static
Power_Ip_MC_RGM.c:447:13:Power_Ip_MC_RGM_CheckConfigureCore	48	static
Power_Ip_MC_RGM.c:524:6:Power_Ip_MC_RGM_ResetInit	24	static
Power_Ip_MC_RGM.c:608:6:Power_Ip_MC_RGM_ModeConfig	24	static
Power_Ip_MC_RGM.c:649:6:Power_Ip_MC_RGM_CheckModeConfig	24	static
Power_Ip_MC_RGM.c:690:6:Power_Ip_MC_RGM_EnableResetDomain	24	static
Power_Ip_MC_RGM.c:728:6:Power_Ip_MC_RGM_DisableResetDomain	24	static
Power_Ip_MC_RGM.c:767:27:Power_Ip_MC_RGM_CheckResetReason	48	static
Power_Ip_MC_RGM.c:861:20:Power_Ip_MC_RGM_GetResetReason	24	static
Power_Ip_MC_RGM.c:932:23:Power_Ip_MC_RGM_GetResetRawValue	40	static
