SchM_Crypto_43_HSE.c:313:8:Crypto_43_HSE_schm_read_msr	8	static
SchM_Crypto_43_HSE.c:397:6:SchM_Enter_Crypto_43_HSE_CRYPTO_EXCLUSIVE_AREA_00	16	static
SchM_Crypto_43_HSE.c:421:6:SchM_Exit_Crypto_43_HSE_CRYPTO_EXCLUSIVE_AREA_00	16	static
SchM_Crypto_43_HSE.c:435:6:SchM_Enter_Crypto_43_HSE_CRYPTO_EXCLUSIVE_AREA_01	16	static
SchM_Crypto_43_HSE.c:459:6:SchM_Exit_Crypto_43_HSE_CRYPTO_EXCLUSIVE_AREA_01	16	static
SchM_Crypto_43_HSE.c:473:6:SchM_Enter_Crypto_43_HSE_CRYPTO_EXCLUSIVE_AREA_02	16	static
SchM_Crypto_43_HSE.c:497:6:SchM_Exit_Crypto_43_HSE_CRYPTO_EXCLUSIVE_AREA_02	16	static
SchM_Crypto_43_HSE.c:511:6:SchM_Enter_Crypto_43_HSE_CRYPTO_EXCLUSIVE_AREA_03	16	static
SchM_Crypto_43_HSE.c:535:6:SchM_Exit_Crypto_43_HSE_CRYPTO_EXCLUSIVE_AREA_03	16	static
SchM_Crypto_43_HSE.c:549:6:SchM_Enter_Crypto_43_HSE_CRYPTO_EXCLUSIVE_AREA_04	16	static
SchM_Crypto_43_HSE.c:573:6:SchM_Exit_Crypto_43_HSE_CRYPTO_EXCLUSIVE_AREA_04	16	static
SchM_Crypto_43_HSE.c:587:6:SchM_Enter_Crypto_43_HSE_CRYPTO_EXCLUSIVE_AREA_05	16	static
SchM_Crypto_43_HSE.c:611:6:SchM_Exit_Crypto_43_HSE_CRYPTO_EXCLUSIVE_AREA_05	16	static
SchM_Crypto_43_HSE.c:625:6:SchM_Enter_Crypto_43_HSE_CRYPTO_EXCLUSIVE_AREA_10	16	static
SchM_Crypto_43_HSE.c:649:6:SchM_Exit_Crypto_43_HSE_CRYPTO_EXCLUSIVE_AREA_10	16	static
SchM_Crypto_43_HSE.c:663:6:SchM_Enter_Crypto_43_HSE_CRYPTO_EXCLUSIVE_AREA_11	16	static
SchM_Crypto_43_HSE.c:687:6:SchM_Exit_Crypto_43_HSE_CRYPTO_EXCLUSIVE_AREA_11	16	static
