SchM_I2c.c:355:8:I2c_schm_read_msr	8	static
SchM_I2c.c:439:6:SchM_Enter_I2c_I2C_EXCLUSIVE_AREA_00	16	static
SchM_I2c.c:463:6:SchM_Exit_I2c_I2C_EXCLUSIVE_AREA_00	16	static
SchM_I2c.c:477:6:SchM_Enter_I2c_I2C_EXCLUSIVE_AREA_01	16	static
SchM_I2c.c:501:6:SchM_Exit_I2c_I2C_EXCLUSIVE_AREA_01	16	static
SchM_I2c.c:515:6:SchM_Enter_I2c_I2C_EXCLUSIVE_AREA_02	16	static
SchM_I2c.c:539:6:SchM_Exit_I2c_I2C_EXCLUSIVE_AREA_02	16	static
SchM_I2c.c:553:6:SchM_Enter_I2c_I2C_EXCLUSIVE_AREA_03	16	static
SchM_I2c.c:577:6:SchM_Exit_I2c_I2C_EXCLUSIVE_AREA_03	16	static
SchM_I2c.c:591:6:SchM_Enter_I2c_I2C_EXCLUSIVE_AREA_04	16	static
SchM_I2c.c:615:6:SchM_Exit_I2c_I2C_EXCLUSIVE_AREA_04	16	static
SchM_I2c.c:629:6:SchM_Enter_I2c_I2C_EXCLUSIVE_AREA_05	16	static
SchM_I2c.c:653:6:SchM_Exit_I2c_I2C_EXCLUSIVE_AREA_05	16	static
SchM_I2c.c:667:6:SchM_Enter_I2c_I2C_EXCLUSIVE_AREA_06	16	static
SchM_I2c.c:691:6:SchM_Exit_I2c_I2C_EXCLUSIVE_AREA_06	16	static
SchM_I2c.c:705:6:SchM_Enter_I2c_I2C_EXCLUSIVE_AREA_07	16	static
SchM_I2c.c:729:6:SchM_Exit_I2c_I2C_EXCLUSIVE_AREA_07	16	static
SchM_I2c.c:743:6:SchM_Enter_I2c_I2C_EXCLUSIVE_AREA_08	16	static
SchM_I2c.c:767:6:SchM_Exit_I2c_I2C_EXCLUSIVE_AREA_08	16	static
SchM_I2c.c:781:6:SchM_Enter_I2c_I2C_EXCLUSIVE_AREA_09	16	static
SchM_I2c.c:805:6:SchM_Exit_I2c_I2C_EXCLUSIVE_AREA_09	16	static
SchM_I2c.c:819:6:SchM_Enter_I2c_I2C_EXCLUSIVE_AREA_10	16	static
SchM_I2c.c:843:6:SchM_Exit_I2c_I2C_EXCLUSIVE_AREA_10	16	static
SchM_I2c.c:857:6:SchM_Enter_I2c_I2C_EXCLUSIVE_AREA_11	16	static
SchM_I2c.c:881:6:SchM_Exit_I2c_I2C_EXCLUSIVE_AREA_11	16	static
SchM_I2c.c:895:6:SchM_Enter_I2c_I2C_EXCLUSIVE_AREA_12	16	static
SchM_I2c.c:919:6:SchM_Exit_I2c_I2C_EXCLUSIVE_AREA_12	16	static
SchM_I2c.c:933:6:SchM_Enter_I2c_I2C_EXCLUSIVE_AREA_13	16	static
SchM_I2c.c:957:6:SchM_Exit_I2c_I2C_EXCLUSIVE_AREA_13	16	static
SchM_I2c.c:971:6:SchM_Enter_I2c_I2C_EXCLUSIVE_AREA_14	16	static
SchM_I2c.c:995:6:SchM_Exit_I2c_I2C_EXCLUSIVE_AREA_14	16	static
SchM_I2c.c:1009:6:SchM_Enter_I2c_I2C_EXCLUSIVE_AREA_15	16	static
SchM_I2c.c:1033:6:SchM_Exit_I2c_I2C_EXCLUSIVE_AREA_15	16	static
SchM_I2c.c:1047:6:SchM_Enter_I2c_I2C_EXCLUSIVE_AREA_16	16	static
SchM_I2c.c:1071:6:SchM_Exit_I2c_I2C_EXCLUSIVE_AREA_16	16	static
SchM_I2c.c:1085:6:SchM_Enter_I2c_I2C_EXCLUSIVE_AREA_17	16	static
SchM_I2c.c:1109:6:SchM_Exit_I2c_I2C_EXCLUSIVE_AREA_17	16	static
SchM_I2c.c:1123:6:SchM_Enter_I2c_I2C_EXCLUSIVE_AREA_18	16	static
SchM_I2c.c:1147:6:SchM_Exit_I2c_I2C_EXCLUSIVE_AREA_18	16	static
SchM_I2c.c:1161:6:SchM_Enter_I2c_I2C_EXCLUSIVE_AREA_19	16	static
SchM_I2c.c:1185:6:SchM_Exit_I2c_I2C_EXCLUSIVE_AREA_19	16	static
SchM_I2c.c:1199:6:SchM_Enter_I2c_I2C_EXCLUSIVE_AREA_20	16	static
SchM_I2c.c:1223:6:SchM_Exit_I2c_I2C_EXCLUSIVE_AREA_20	16	static
SchM_I2c.c:1237:6:SchM_Enter_I2c_I2C_EXCLUSIVE_AREA_21	16	static
SchM_I2c.c:1261:6:SchM_Exit_I2c_I2C_EXCLUSIVE_AREA_21	16	static
SchM_I2c.c:1275:6:SchM_Enter_I2c_I2C_EXCLUSIVE_AREA_22	16	static
SchM_I2c.c:1299:6:SchM_Exit_I2c_I2C_EXCLUSIVE_AREA_22	16	static
SchM_I2c.c:1313:6:SchM_Enter_I2c_I2C_EXCLUSIVE_AREA_23	16	static
SchM_I2c.c:1337:6:SchM_Exit_I2c_I2C_EXCLUSIVE_AREA_23	16	static
SchM_I2c.c:1351:6:SchM_Enter_I2c_I2C_EXCLUSIVE_AREA_24	16	static
SchM_I2c.c:1375:6:SchM_Exit_I2c_I2C_EXCLUSIVE_AREA_24	16	static
SchM_I2c.c:1389:6:SchM_Enter_I2c_I2C_EXCLUSIVE_AREA_25	16	static
SchM_I2c.c:1413:6:SchM_Exit_I2c_I2C_EXCLUSIVE_AREA_25	16	static
SchM_I2c.c:1427:6:SchM_Enter_I2c_I2C_EXCLUSIVE_AREA_26	16	static
SchM_I2c.c:1451:6:SchM_Exit_I2c_I2C_EXCLUSIVE_AREA_26	16	static
SchM_I2c.c:1465:6:SchM_Enter_I2c_I2C_EXCLUSIVE_AREA_27	16	static
SchM_I2c.c:1489:6:SchM_Exit_I2c_I2C_EXCLUSIVE_AREA_27	16	static
SchM_I2c.c:1503:6:SchM_Enter_I2c_I2C_EXCLUSIVE_AREA_28	16	static
SchM_I2c.c:1527:6:SchM_Exit_I2c_I2C_EXCLUSIVE_AREA_28	16	static
