SchM_Lin.c:353:8:Lin_schm_read_msr	8	static
SchM_Lin.c:437:6:SchM_Enter_Lin_LIN_EXCLUSIVE_AREA_00	16	static
SchM_Lin.c:461:6:SchM_Exit_Lin_LIN_EXCLUSIVE_AREA_00	16	static
SchM_Lin.c:475:6:SchM_Enter_Lin_LIN_EXCLUSIVE_AREA_01	16	static
SchM_Lin.c:499:6:SchM_Exit_Lin_LIN_EXCLUSIVE_AREA_01	16	static
SchM_Lin.c:513:6:SchM_Enter_Lin_LIN_EXCLUSIVE_AREA_02	16	static
SchM_Lin.c:537:6:SchM_Exit_Lin_LIN_EXCLUSIVE_AREA_02	16	static
SchM_Lin.c:551:6:SchM_Enter_Lin_LIN_EXCLUSIVE_AREA_03	16	static
SchM_Lin.c:575:6:SchM_Exit_Lin_LIN_EXCLUSIVE_AREA_03	16	static
SchM_Lin.c:589:6:SchM_Enter_Lin_LIN_EXCLUSIVE_AREA_04	16	static
SchM_Lin.c:613:6:SchM_Exit_Lin_LIN_EXCLUSIVE_AREA_04	16	static
SchM_Lin.c:627:6:SchM_Enter_Lin_LIN_EXCLUSIVE_AREA_05	16	static
SchM_Lin.c:651:6:SchM_Exit_Lin_LIN_EXCLUSIVE_AREA_05	16	static
SchM_Lin.c:665:6:SchM_Enter_Lin_LIN_EXCLUSIVE_AREA_06	16	static
SchM_Lin.c:689:6:SchM_Exit_Lin_LIN_EXCLUSIVE_AREA_06	16	static
SchM_Lin.c:703:6:SchM_Enter_Lin_LIN_EXCLUSIVE_AREA_07	16	static
SchM_Lin.c:727:6:SchM_Exit_Lin_LIN_EXCLUSIVE_AREA_07	16	static
SchM_Lin.c:741:6:SchM_Enter_Lin_LIN_EXCLUSIVE_AREA_08	16	static
SchM_Lin.c:765:6:SchM_Exit_Lin_LIN_EXCLUSIVE_AREA_08	16	static
SchM_Lin.c:779:6:SchM_Enter_Lin_LIN_EXCLUSIVE_AREA_09	16	static
SchM_Lin.c:803:6:SchM_Exit_Lin_LIN_EXCLUSIVE_AREA_09	16	static
SchM_Lin.c:817:6:SchM_Enter_Lin_LIN_EXCLUSIVE_AREA_10	16	static
SchM_Lin.c:841:6:SchM_Exit_Lin_LIN_EXCLUSIVE_AREA_10	16	static
SchM_Lin.c:855:6:SchM_Enter_Lin_LIN_EXCLUSIVE_AREA_11	16	static
SchM_Lin.c:879:6:SchM_Exit_Lin_LIN_EXCLUSIVE_AREA_11	16	static
SchM_Lin.c:893:6:SchM_Enter_Lin_LIN_EXCLUSIVE_AREA_12	16	static
SchM_Lin.c:917:6:SchM_Exit_Lin_LIN_EXCLUSIVE_AREA_12	16	static
SchM_Lin.c:931:6:SchM_Enter_Lin_LIN_EXCLUSIVE_AREA_13	16	static
SchM_Lin.c:955:6:SchM_Exit_Lin_LIN_EXCLUSIVE_AREA_13	16	static
SchM_Lin.c:969:6:SchM_Enter_Lin_LIN_EXCLUSIVE_AREA_14	16	static
SchM_Lin.c:993:6:SchM_Exit_Lin_LIN_EXCLUSIVE_AREA_14	16	static
SchM_Lin.c:1007:6:SchM_Enter_Lin_LIN_EXCLUSIVE_AREA_15	16	static
SchM_Lin.c:1031:6:SchM_Exit_Lin_LIN_EXCLUSIVE_AREA_15	16	static
SchM_Lin.c:1045:6:SchM_Enter_Lin_LIN_EXCLUSIVE_AREA_16	16	static
SchM_Lin.c:1069:6:SchM_Exit_Lin_LIN_EXCLUSIVE_AREA_16	16	static
SchM_Lin.c:1083:6:SchM_Enter_Lin_LIN_EXCLUSIVE_AREA_17	16	static
SchM_Lin.c:1107:6:SchM_Exit_Lin_LIN_EXCLUSIVE_AREA_17	16	static
SchM_Lin.c:1121:6:SchM_Enter_Lin_LIN_EXCLUSIVE_AREA_18	16	static
SchM_Lin.c:1145:6:SchM_Exit_Lin_LIN_EXCLUSIVE_AREA_18	16	static
SchM_Lin.c:1159:6:SchM_Enter_Lin_LIN_EXCLUSIVE_AREA_19	16	static
SchM_Lin.c:1183:6:SchM_Exit_Lin_LIN_EXCLUSIVE_AREA_19	16	static
SchM_Lin.c:1197:6:SchM_Enter_Lin_LIN_EXCLUSIVE_AREA_20	16	static
SchM_Lin.c:1221:6:SchM_Exit_Lin_LIN_EXCLUSIVE_AREA_20	16	static
SchM_Lin.c:1235:6:SchM_Enter_Lin_LIN_EXCLUSIVE_AREA_21	16	static
SchM_Lin.c:1259:6:SchM_Exit_Lin_LIN_EXCLUSIVE_AREA_21	16	static
SchM_Lin.c:1273:6:SchM_Enter_Lin_LIN_EXCLUSIVE_AREA_22	16	static
SchM_Lin.c:1297:6:SchM_Exit_Lin_LIN_EXCLUSIVE_AREA_22	16	static
SchM_Lin.c:1311:6:SchM_Enter_Lin_LIN_EXCLUSIVE_AREA_23	16	static
SchM_Lin.c:1335:6:SchM_Exit_Lin_LIN_EXCLUSIVE_AREA_23	16	static
SchM_Lin.c:1349:6:SchM_Enter_Lin_LIN_EXCLUSIVE_AREA_24	16	static
SchM_Lin.c:1373:6:SchM_Exit_Lin_LIN_EXCLUSIVE_AREA_24	16	static
SchM_Lin.c:1387:6:SchM_Enter_Lin_LIN_EXCLUSIVE_AREA_25	16	static
SchM_Lin.c:1411:6:SchM_Exit_Lin_LIN_EXCLUSIVE_AREA_25	16	static
SchM_Lin.c:1425:6:SchM_Enter_Lin_LIN_EXCLUSIVE_AREA_26	16	static
SchM_Lin.c:1449:6:SchM_Exit_Lin_LIN_EXCLUSIVE_AREA_26	16	static
SchM_Lin.c:1463:6:SchM_Enter_Lin_LIN_EXCLUSIVE_AREA_27	16	static
SchM_Lin.c:1487:6:SchM_Exit_Lin_LIN_EXCLUSIVE_AREA_27	16	static
