SchM_Wdg_43_fs8x.c:311:8:Wdg_43_fs8x_schm_read_msr	8	static
SchM_Wdg_43_fs8x.c:395:6:SchM_Enter_Wdg_43_fs8x_WDG_EXCLUSIVE_AREA_00	16	static
SchM_Wdg_43_fs8x.c:419:6:SchM_Exit_Wdg_43_fs8x_WDG_EXCLUSIVE_AREA_00	16	static
SchM_Wdg_43_fs8x.c:433:6:SchM_Enter_Wdg_43_fs8x_WDG_EXCLUSIVE_AREA_01	16	static
SchM_Wdg_43_fs8x.c:457:6:SchM_Exit_Wdg_43_fs8x_WDG_EXCLUSIVE_AREA_01	16	static
SchM_Wdg_43_fs8x.c:471:6:SchM_Enter_Wdg_43_fs8x_WDG_EXCLUSIVE_AREA_02	16	static
SchM_Wdg_43_fs8x.c:495:6:SchM_Exit_Wdg_43_fs8x_WDG_EXCLUSIVE_AREA_02	16	static
SchM_Wdg_43_fs8x.c:509:6:SchM_Enter_Wdg_43_fs8x_WDG_EXCLUSIVE_AREA_03	16	static
SchM_Wdg_43_fs8x.c:533:6:SchM_Exit_Wdg_43_fs8x_WDG_EXCLUSIVE_AREA_03	16	static
SchM_Wdg_43_fs8x.c:547:6:SchM_Enter_Wdg_43_fs8x_WDG_EXCLUSIVE_AREA_04	16	static
SchM_Wdg_43_fs8x.c:571:6:SchM_Exit_Wdg_43_fs8x_WDG_EXCLUSIVE_AREA_04	16	static
SchM_Wdg_43_fs8x.c:585:6:SchM_Enter_Wdg_43_fs8x_WDG_EXCLUSIVE_AREA_05	16	static
SchM_Wdg_43_fs8x.c:609:6:SchM_Exit_Wdg_43_fs8x_WDG_EXCLUSIVE_AREA_05	16	static
SchM_Wdg_43_fs8x.c:623:6:SchM_Enter_Wdg_43_fs8x_WDG_EXCLUSIVE_AREA_06	16	static
SchM_Wdg_43_fs8x.c:647:6:SchM_Exit_Wdg_43_fs8x_WDG_EXCLUSIVE_AREA_06	16	static
