SchM_Serdes.c:347:8:Serdes_schm_read_msr	8	static
SchM_Serdes.c:431:6:SchM_Enter_Serdes_SERDES_EXCLUSIVE_AREA_00	16	static
SchM_Serdes.c:455:6:SchM_Exit_Serdes_SERDES_EXCLUSIVE_AREA_00	16	static
SchM_Serdes.c:469:6:SchM_Enter_Serdes_SERDES_EXCLUSIVE_AREA_01	16	static
SchM_Serdes.c:493:6:SchM_Exit_Serdes_SERDES_EXCLUSIVE_AREA_01	16	static
SchM_Serdes.c:507:6:SchM_Enter_Serdes_SERDES_EXCLUSIVE_AREA_02	16	static
SchM_Serdes.c:531:6:SchM_Exit_Serdes_SERDES_EXCLUSIVE_AREA_02	16	static
SchM_Serdes.c:545:6:SchM_Enter_Serdes_SERDES_EXCLUSIVE_AREA_03	16	static
SchM_Serdes.c:569:6:SchM_Exit_Serdes_SERDES_EXCLUSIVE_AREA_03	16	static
SchM_Serdes.c:583:6:SchM_Enter_Serdes_SERDES_EXCLUSIVE_AREA_04	16	static
SchM_Serdes.c:607:6:SchM_Exit_Serdes_SERDES_EXCLUSIVE_AREA_04	16	static
SchM_Serdes.c:621:6:SchM_Enter_Serdes_SERDES_EXCLUSIVE_AREA_05	16	static
SchM_Serdes.c:645:6:SchM_Exit_Serdes_SERDES_EXCLUSIVE_AREA_05	16	static
SchM_Serdes.c:659:6:SchM_Enter_Serdes_SERDES_EXCLUSIVE_AREA_06	16	static
SchM_Serdes.c:683:6:SchM_Exit_Serdes_SERDES_EXCLUSIVE_AREA_06	16	static
SchM_Serdes.c:697:6:SchM_Enter_Serdes_SERDES_EXCLUSIVE_AREA_07	16	static
SchM_Serdes.c:721:6:SchM_Exit_Serdes_SERDES_EXCLUSIVE_AREA_07	16	static
SchM_Serdes.c:735:6:SchM_Enter_Serdes_SERDES_EXCLUSIVE_AREA_08	16	static
SchM_Serdes.c:759:6:SchM_Exit_Serdes_SERDES_EXCLUSIVE_AREA_08	16	static
SchM_Serdes.c:773:6:SchM_Enter_Serdes_SERDES_EXCLUSIVE_AREA_09	16	static
SchM_Serdes.c:797:6:SchM_Exit_Serdes_SERDES_EXCLUSIVE_AREA_09	16	static
SchM_Serdes.c:811:6:SchM_Enter_Serdes_SERDES_EXCLUSIVE_AREA_10	16	static
SchM_Serdes.c:835:6:SchM_Exit_Serdes_SERDES_EXCLUSIVE_AREA_10	16	static
SchM_Serdes.c:849:6:SchM_Enter_Serdes_SERDES_EXCLUSIVE_AREA_11	16	static
SchM_Serdes.c:873:6:SchM_Exit_Serdes_SERDES_EXCLUSIVE_AREA_11	16	static
SchM_Serdes.c:887:6:SchM_Enter_Serdes_SERDES_EXCLUSIVE_AREA_12	16	static
SchM_Serdes.c:911:6:SchM_Exit_Serdes_SERDES_EXCLUSIVE_AREA_12	16	static
SchM_Serdes.c:925:6:SchM_Enter_Serdes_SERDES_EXCLUSIVE_AREA_13	16	static
SchM_Serdes.c:949:6:SchM_Exit_Serdes_SERDES_EXCLUSIVE_AREA_13	16	static
SchM_Serdes.c:963:6:SchM_Enter_Serdes_SERDES_EXCLUSIVE_AREA_14	16	static
SchM_Serdes.c:987:6:SchM_Exit_Serdes_SERDES_EXCLUSIVE_AREA_14	16	static
SchM_Serdes.c:1001:6:SchM_Enter_Serdes_SERDES_EXCLUSIVE_AREA_15	16	static
SchM_Serdes.c:1025:6:SchM_Exit_Serdes_SERDES_EXCLUSIVE_AREA_15	16	static
SchM_Serdes.c:1039:6:SchM_Enter_Serdes_SERDES_EXCLUSIVE_AREA_16	16	static
SchM_Serdes.c:1063:6:SchM_Exit_Serdes_SERDES_EXCLUSIVE_AREA_16	16	static
SchM_Serdes.c:1077:6:SchM_Enter_Serdes_SERDES_EXCLUSIVE_AREA_17	16	static
SchM_Serdes.c:1101:6:SchM_Exit_Serdes_SERDES_EXCLUSIVE_AREA_17	16	static
SchM_Serdes.c:1115:6:SchM_Enter_Serdes_SERDES_EXCLUSIVE_AREA_18	16	static
SchM_Serdes.c:1139:6:SchM_Exit_Serdes_SERDES_EXCLUSIVE_AREA_18	16	static
SchM_Serdes.c:1153:6:SchM_Enter_Serdes_SERDES_EXCLUSIVE_AREA_19	16	static
SchM_Serdes.c:1177:6:SchM_Exit_Serdes_SERDES_EXCLUSIVE_AREA_19	16	static
SchM_Serdes.c:1191:6:SchM_Enter_Serdes_SERDES_EXCLUSIVE_AREA_20	16	static
SchM_Serdes.c:1215:6:SchM_Exit_Serdes_SERDES_EXCLUSIVE_AREA_20	16	static
SchM_Serdes.c:1229:6:SchM_Enter_Serdes_SERDES_EXCLUSIVE_AREA_21	16	static
SchM_Serdes.c:1253:6:SchM_Exit_Serdes_SERDES_EXCLUSIVE_AREA_21	16	static
SchM_Serdes.c:1267:6:SchM_Enter_Serdes_SERDES_EXCLUSIVE_AREA_22	16	static
SchM_Serdes.c:1291:6:SchM_Exit_Serdes_SERDES_EXCLUSIVE_AREA_22	16	static
SchM_Serdes.c:1305:6:SchM_Enter_Serdes_SERDES_EXCLUSIVE_AREA_23	16	static
SchM_Serdes.c:1329:6:SchM_Exit_Serdes_SERDES_EXCLUSIVE_AREA_23	16	static
SchM_Serdes.c:1343:6:SchM_Enter_Serdes_SERDES_EXCLUSIVE_AREA_24	16	static
SchM_Serdes.c:1367:6:SchM_Exit_Serdes_SERDES_EXCLUSIVE_AREA_24	16	static
