SchM_Can_43_FLEXCAN.c:343:8:Can_43_FLEXCAN_schm_read_msr	8	static
SchM_Can_43_FLEXCAN.c:427:6:SchM_Enter_Can_43_FLEXCAN_CAN_EXCLUSIVE_AREA_00	16	static
SchM_Can_43_FLEXCAN.c:451:6:SchM_Exit_Can_43_FLEXCAN_CAN_EXCLUSIVE_AREA_00	16	static
SchM_Can_43_FLEXCAN.c:465:6:SchM_Enter_Can_43_FLEXCAN_CAN_EXCLUSIVE_AREA_01	16	static
SchM_Can_43_FLEXCAN.c:489:6:SchM_Exit_Can_43_FLEXCAN_CAN_EXCLUSIVE_AREA_01	16	static
SchM_Can_43_FLEXCAN.c:503:6:SchM_Enter_Can_43_FLEXCAN_CAN_EXCLUSIVE_AREA_02	16	static
SchM_Can_43_FLEXCAN.c:527:6:SchM_Exit_Can_43_FLEXCAN_CAN_EXCLUSIVE_AREA_02	16	static
SchM_Can_43_FLEXCAN.c:541:6:SchM_Enter_Can_43_FLEXCAN_CAN_EXCLUSIVE_AREA_03	16	static
SchM_Can_43_FLEXCAN.c:565:6:SchM_Exit_Can_43_FLEXCAN_CAN_EXCLUSIVE_AREA_03	16	static
SchM_Can_43_FLEXCAN.c:579:6:SchM_Enter_Can_43_FLEXCAN_CAN_EXCLUSIVE_AREA_04	16	static
SchM_Can_43_FLEXCAN.c:603:6:SchM_Exit_Can_43_FLEXCAN_CAN_EXCLUSIVE_AREA_04	16	static
SchM_Can_43_FLEXCAN.c:617:6:SchM_Enter_Can_43_FLEXCAN_CAN_EXCLUSIVE_AREA_05	16	static
SchM_Can_43_FLEXCAN.c:641:6:SchM_Exit_Can_43_FLEXCAN_CAN_EXCLUSIVE_AREA_05	16	static
SchM_Can_43_FLEXCAN.c:655:6:SchM_Enter_Can_43_FLEXCAN_CAN_EXCLUSIVE_AREA_06	16	static
SchM_Can_43_FLEXCAN.c:679:6:SchM_Exit_Can_43_FLEXCAN_CAN_EXCLUSIVE_AREA_06	16	static
SchM_Can_43_FLEXCAN.c:693:6:SchM_Enter_Can_43_FLEXCAN_CAN_EXCLUSIVE_AREA_07	16	static
SchM_Can_43_FLEXCAN.c:717:6:SchM_Exit_Can_43_FLEXCAN_CAN_EXCLUSIVE_AREA_07	16	static
SchM_Can_43_FLEXCAN.c:731:6:SchM_Enter_Can_43_FLEXCAN_CAN_EXCLUSIVE_AREA_08	16	static
SchM_Can_43_FLEXCAN.c:755:6:SchM_Exit_Can_43_FLEXCAN_CAN_EXCLUSIVE_AREA_08	16	static
SchM_Can_43_FLEXCAN.c:769:6:SchM_Enter_Can_43_FLEXCAN_CAN_EXCLUSIVE_AREA_09	16	static
SchM_Can_43_FLEXCAN.c:793:6:SchM_Exit_Can_43_FLEXCAN_CAN_EXCLUSIVE_AREA_09	16	static
SchM_Can_43_FLEXCAN.c:807:6:SchM_Enter_Can_43_FLEXCAN_CAN_EXCLUSIVE_AREA_10	16	static
SchM_Can_43_FLEXCAN.c:831:6:SchM_Exit_Can_43_FLEXCAN_CAN_EXCLUSIVE_AREA_10	16	static
SchM_Can_43_FLEXCAN.c:845:6:SchM_Enter_Can_43_FLEXCAN_CAN_EXCLUSIVE_AREA_11	16	static
SchM_Can_43_FLEXCAN.c:869:6:SchM_Exit_Can_43_FLEXCAN_CAN_EXCLUSIVE_AREA_11	16	static
SchM_Can_43_FLEXCAN.c:883:6:SchM_Enter_Can_43_FLEXCAN_CAN_EXCLUSIVE_AREA_12	16	static
SchM_Can_43_FLEXCAN.c:907:6:SchM_Exit_Can_43_FLEXCAN_CAN_EXCLUSIVE_AREA_12	16	static
SchM_Can_43_FLEXCAN.c:921:6:SchM_Enter_Can_43_FLEXCAN_CAN_EXCLUSIVE_AREA_13	16	static
SchM_Can_43_FLEXCAN.c:945:6:SchM_Exit_Can_43_FLEXCAN_CAN_EXCLUSIVE_AREA_13	16	static
SchM_Can_43_FLEXCAN.c:959:6:SchM_Enter_Can_43_FLEXCAN_CAN_EXCLUSIVE_AREA_14	16	static
SchM_Can_43_FLEXCAN.c:983:6:SchM_Exit_Can_43_FLEXCAN_CAN_EXCLUSIVE_AREA_14	16	static
SchM_Can_43_FLEXCAN.c:997:6:SchM_Enter_Can_43_FLEXCAN_CAN_EXCLUSIVE_AREA_15	16	static
SchM_Can_43_FLEXCAN.c:1021:6:SchM_Exit_Can_43_FLEXCAN_CAN_EXCLUSIVE_AREA_15	16	static
SchM_Can_43_FLEXCAN.c:1035:6:SchM_Enter_Can_43_FLEXCAN_CAN_EXCLUSIVE_AREA_16	16	static
SchM_Can_43_FLEXCAN.c:1059:6:SchM_Exit_Can_43_FLEXCAN_CAN_EXCLUSIVE_AREA_16	16	static
SchM_Can_43_FLEXCAN.c:1073:6:SchM_Enter_Can_43_FLEXCAN_CAN_EXCLUSIVE_AREA_17	16	static
SchM_Can_43_FLEXCAN.c:1097:6:SchM_Exit_Can_43_FLEXCAN_CAN_EXCLUSIVE_AREA_17	16	static
SchM_Can_43_FLEXCAN.c:1111:6:SchM_Enter_Can_43_FLEXCAN_CAN_EXCLUSIVE_AREA_18	16	static
SchM_Can_43_FLEXCAN.c:1135:6:SchM_Exit_Can_43_FLEXCAN_CAN_EXCLUSIVE_AREA_18	16	static
SchM_Can_43_FLEXCAN.c:1149:6:SchM_Enter_Can_43_FLEXCAN_CAN_EXCLUSIVE_AREA_19	16	static
SchM_Can_43_FLEXCAN.c:1173:6:SchM_Exit_Can_43_FLEXCAN_CAN_EXCLUSIVE_AREA_19	16	static
SchM_Can_43_FLEXCAN.c:1187:6:SchM_Enter_Can_43_FLEXCAN_CAN_EXCLUSIVE_AREA_20	16	static
SchM_Can_43_FLEXCAN.c:1211:6:SchM_Exit_Can_43_FLEXCAN_CAN_EXCLUSIVE_AREA_20	16	static
SchM_Can_43_FLEXCAN.c:1225:6:SchM_Enter_Can_43_FLEXCAN_CAN_EXCLUSIVE_AREA_21	16	static
SchM_Can_43_FLEXCAN.c:1249:6:SchM_Exit_Can_43_FLEXCAN_CAN_EXCLUSIVE_AREA_21	16	static
SchM_Can_43_FLEXCAN.c:1263:6:SchM_Enter_Can_43_FLEXCAN_CAN_EXCLUSIVE_AREA_22	16	static
SchM_Can_43_FLEXCAN.c:1287:6:SchM_Exit_Can_43_FLEXCAN_CAN_EXCLUSIVE_AREA_22	16	static
