SchM_Sbc_fs8x.c:321:8:Sbc_fs8x_schm_read_msr	8	static
SchM_Sbc_fs8x.c:405:6:SchM_Enter_Sbc_fs8x_SBC_FS8X_EXCLUSIVE_AREA_00	16	static
SchM_Sbc_fs8x.c:429:6:SchM_Exit_Sbc_fs8x_SBC_FS8X_EXCLUSIVE_AREA_00	16	static
SchM_Sbc_fs8x.c:443:6:SchM_Enter_Sbc_fs8x_SBC_FS8X_EXCLUSIVE_AREA_01	16	static
SchM_Sbc_fs8x.c:467:6:SchM_Exit_Sbc_fs8x_SBC_FS8X_EXCLUSIVE_AREA_01	16	static
SchM_Sbc_fs8x.c:481:6:SchM_Enter_Sbc_fs8x_SBC_FS8X_EXCLUSIVE_AREA_02	16	static
SchM_Sbc_fs8x.c:505:6:SchM_Exit_Sbc_fs8x_SBC_FS8X_EXCLUSIVE_AREA_02	16	static
SchM_Sbc_fs8x.c:519:6:SchM_Enter_Sbc_fs8x_SBC_FS8X_EXCLUSIVE_AREA_03	16	static
SchM_Sbc_fs8x.c:543:6:SchM_Exit_Sbc_fs8x_SBC_FS8X_EXCLUSIVE_AREA_03	16	static
SchM_Sbc_fs8x.c:557:6:SchM_Enter_Sbc_fs8x_SBC_FS8X_EXCLUSIVE_AREA_04	16	static
SchM_Sbc_fs8x.c:581:6:SchM_Exit_Sbc_fs8x_SBC_FS8X_EXCLUSIVE_AREA_04	16	static
SchM_Sbc_fs8x.c:595:6:SchM_Enter_Sbc_fs8x_SBC_FS8X_EXCLUSIVE_AREA_05	16	static
SchM_Sbc_fs8x.c:619:6:SchM_Exit_Sbc_fs8x_SBC_FS8X_EXCLUSIVE_AREA_05	16	static
SchM_Sbc_fs8x.c:633:6:SchM_Enter_Sbc_fs8x_SBC_FS8X_EXCLUSIVE_AREA_06	16	static
SchM_Sbc_fs8x.c:657:6:SchM_Exit_Sbc_fs8x_SBC_FS8X_EXCLUSIVE_AREA_06	16	static
SchM_Sbc_fs8x.c:671:6:SchM_Enter_Sbc_fs8x_SBC_FS8X_EXCLUSIVE_AREA_07	16	static
SchM_Sbc_fs8x.c:695:6:SchM_Exit_Sbc_fs8x_SBC_FS8X_EXCLUSIVE_AREA_07	16	static
SchM_Sbc_fs8x.c:709:6:SchM_Enter_Sbc_fs8x_SBC_FS8X_EXCLUSIVE_AREA_08	16	static
SchM_Sbc_fs8x.c:733:6:SchM_Exit_Sbc_fs8x_SBC_FS8X_EXCLUSIVE_AREA_08	16	static
SchM_Sbc_fs8x.c:747:6:SchM_Enter_Sbc_fs8x_SBC_FS8X_EXCLUSIVE_AREA_09	16	static
SchM_Sbc_fs8x.c:771:6:SchM_Exit_Sbc_fs8x_SBC_FS8X_EXCLUSIVE_AREA_09	16	static
SchM_Sbc_fs8x.c:785:6:SchM_Enter_Sbc_fs8x_SBC_FS8X_EXCLUSIVE_AREA_10	16	static
SchM_Sbc_fs8x.c:809:6:SchM_Exit_Sbc_fs8x_SBC_FS8X_EXCLUSIVE_AREA_10	16	static
SchM_Sbc_fs8x.c:823:6:SchM_Enter_Sbc_fs8x_SBC_FS8X_EXCLUSIVE_AREA_11	16	static
SchM_Sbc_fs8x.c:847:6:SchM_Exit_Sbc_fs8x_SBC_FS8X_EXCLUSIVE_AREA_11	16	static
