SchM_Uart.c:341:8:Uart_schm_read_msr	8	static
SchM_Uart.c:425:6:SchM_Enter_Uart_UART_EXCLUSIVE_AREA_00	16	static
SchM_Uart.c:449:6:SchM_Exit_Uart_UART_EXCLUSIVE_AREA_00	16	static
SchM_Uart.c:463:6:SchM_Enter_Uart_UART_EXCLUSIVE_AREA_01	16	static
SchM_Uart.c:487:6:SchM_Exit_Uart_UART_EXCLUSIVE_AREA_01	16	static
SchM_Uart.c:501:6:SchM_Enter_Uart_UART_EXCLUSIVE_AREA_02	16	static
SchM_Uart.c:525:6:SchM_Exit_Uart_UART_EXCLUSIVE_AREA_02	16	static
SchM_Uart.c:539:6:SchM_Enter_Uart_UART_EXCLUSIVE_AREA_03	16	static
SchM_Uart.c:563:6:SchM_Exit_Uart_UART_EXCLUSIVE_AREA_03	16	static
SchM_Uart.c:577:6:SchM_Enter_Uart_UART_EXCLUSIVE_AREA_04	16	static
SchM_Uart.c:601:6:SchM_Exit_Uart_UART_EXCLUSIVE_AREA_04	16	static
SchM_Uart.c:615:6:SchM_Enter_Uart_UART_EXCLUSIVE_AREA_05	16	static
SchM_Uart.c:639:6:SchM_Exit_Uart_UART_EXCLUSIVE_AREA_05	16	static
SchM_Uart.c:653:6:SchM_Enter_Uart_UART_EXCLUSIVE_AREA_06	16	static
SchM_Uart.c:677:6:SchM_Exit_Uart_UART_EXCLUSIVE_AREA_06	16	static
SchM_Uart.c:691:6:SchM_Enter_Uart_UART_EXCLUSIVE_AREA_07	16	static
SchM_Uart.c:715:6:SchM_Exit_Uart_UART_EXCLUSIVE_AREA_07	16	static
SchM_Uart.c:729:6:SchM_Enter_Uart_UART_EXCLUSIVE_AREA_08	16	static
SchM_Uart.c:753:6:SchM_Exit_Uart_UART_EXCLUSIVE_AREA_08	16	static
SchM_Uart.c:767:6:SchM_Enter_Uart_UART_EXCLUSIVE_AREA_09	16	static
SchM_Uart.c:791:6:SchM_Exit_Uart_UART_EXCLUSIVE_AREA_09	16	static
SchM_Uart.c:805:6:SchM_Enter_Uart_UART_EXCLUSIVE_AREA_10	16	static
SchM_Uart.c:829:6:SchM_Exit_Uart_UART_EXCLUSIVE_AREA_10	16	static
SchM_Uart.c:843:6:SchM_Enter_Uart_UART_EXCLUSIVE_AREA_11	16	static
SchM_Uart.c:867:6:SchM_Exit_Uart_UART_EXCLUSIVE_AREA_11	16	static
SchM_Uart.c:881:6:SchM_Enter_Uart_UART_EXCLUSIVE_AREA_12	16	static
SchM_Uart.c:905:6:SchM_Exit_Uart_UART_EXCLUSIVE_AREA_12	16	static
SchM_Uart.c:919:6:SchM_Enter_Uart_UART_EXCLUSIVE_AREA_13	16	static
SchM_Uart.c:943:6:SchM_Exit_Uart_UART_EXCLUSIVE_AREA_13	16	static
SchM_Uart.c:957:6:SchM_Enter_Uart_UART_EXCLUSIVE_AREA_14	16	static
SchM_Uart.c:981:6:SchM_Exit_Uart_UART_EXCLUSIVE_AREA_14	16	static
SchM_Uart.c:995:6:SchM_Enter_Uart_UART_EXCLUSIVE_AREA_15	16	static
SchM_Uart.c:1019:6:SchM_Exit_Uart_UART_EXCLUSIVE_AREA_15	16	static
SchM_Uart.c:1033:6:SchM_Enter_Uart_UART_EXCLUSIVE_AREA_16	16	static
SchM_Uart.c:1057:6:SchM_Exit_Uart_UART_EXCLUSIVE_AREA_16	16	static
SchM_Uart.c:1071:6:SchM_Enter_Uart_UART_EXCLUSIVE_AREA_17	16	static
SchM_Uart.c:1095:6:SchM_Exit_Uart_UART_EXCLUSIVE_AREA_17	16	static
SchM_Uart.c:1109:6:SchM_Enter_Uart_UART_EXCLUSIVE_AREA_18	16	static
SchM_Uart.c:1133:6:SchM_Exit_Uart_UART_EXCLUSIVE_AREA_18	16	static
SchM_Uart.c:1147:6:SchM_Enter_Uart_UART_EXCLUSIVE_AREA_19	16	static
SchM_Uart.c:1171:6:SchM_Exit_Uart_UART_EXCLUSIVE_AREA_19	16	static
SchM_Uart.c:1185:6:SchM_Enter_Uart_UART_EXCLUSIVE_AREA_20	16	static
SchM_Uart.c:1209:6:SchM_Exit_Uart_UART_EXCLUSIVE_AREA_20	16	static
SchM_Uart.c:1223:6:SchM_Enter_Uart_UART_EXCLUSIVE_AREA_21	16	static
SchM_Uart.c:1247:6:SchM_Exit_Uart_UART_EXCLUSIVE_AREA_21	16	static
