Devassert.h:85:20:DevAssert	16	static
Xrdc_Ip.c:230:13:Xrdc_Memory_Config_Descriptor	24	static
Xrdc_Ip.c:283:13:Xrdc_Peripheral_Access_Config	16	static
Xrdc_Ip.c:324:13:Xrdc_Domain_Init	32	static
Xrdc_Ip.c:392:35:Xrdc_Ip_GetErrAttribute	24	static
Xrdc_Ip.c:443:15:Xrdc_Get_Priviledge_Attribute	24	static
Xrdc_Ip.c:475:15:Xrdc_Get_Secure_Attribute	24	static
Xrdc_Ip.c:603:8:Xrdc_Ip_GetDomainID_Privileged	24	static
Xrdc_Ip.c:635:6:Xrdc_Ip_Init_Privileged	32	static
Xrdc_Ip.c:711:23:Xrdc_Ip_ValidateMastercore	24	static
Xrdc_Ip.c:758:23:Xrdc_Ip_ValidateSecureAttribute	24	static
Xrdc_Ip.c:791:6:Xrdc_Ip_SetProcessID_Privileged	16	static
Xrdc_Ip.c:845:6:Xrdc_Ip_InstanceInit_Privileged	24	static
Xrdc_Ip.c:907:13:Xrdc_Ip_GetDetailError	48	static
Xrdc_Ip.c:990:6:Xrdc_Ip_GetDomainIDErrorStatus_Privileged	24	static
Xrdc_Ip.c:1063:6:Xrdc_Ip_Init	16	static
Xrdc_Ip.c:1085:6:Xrdc_Ip_InstanceInit	16	static
Xrdc_Ip.c:1107:8:Xrdc_Ip_GetDomainID	24	static
Xrdc_Ip.c:1144:6:Xrdc_Ip_SetProcessID	16	static
Xrdc_Ip.c:1168:6:Xrdc_Ip_GetDomainIDErrorStatus	16	static
