nd6.c:1413:1:nd6_find_neighbor_cache_entry	16	static
nd6.c:1572:1:nd6_find_destination_cache_entry	16	static
nd6.c:1341:1:nd6_send_rs	48	static
nd6.c:1181:1:nd6_send_ns	56	static
nd6.c:1682:1:nd6_select_router.isra.0	20	static
nd6.c:2188:1:nd6_send_q.part.0	48	static
nd6.c:2167:1:nd6_free_q	16	static
nd6.c:1541:1:nd6_free_neighbor_cache_entry	24	static
nd6.c:1434:1:nd6_new_neighbor_cache_entry	16	static
nd6.c:147:1:nd6_duplicate_addr_detected	16	static
nd6.c:1266:1:nd6_send_na.part.0	56	static
nd6.c:287:1:nd6_input	104	static
nd6.c:959:1:nd6_tmr	48	static
nd6.c:1625:1:nd6_clear_destination_cache	0	static
nd6.c:1754:1:nd6_find_route	16	static
nd6.c:2259:1:nd6_get_next_hop_addr_or_queue	40	static
nd6.c:2300:1:nd6_get_destination_mtu	8	static
nd6.c:2330:1:nd6_reachability_hint	16	static
nd6.c:2374:1:nd6_cleanup_netif	24	static
nd6.c:2411:1:nd6_adjust_mld_membership	4	static
nd6.c:2438:1:nd6_restart_netif	0	static
